Archive member included because of file (symbol)

d:/program files (x86)/atmel studio/7.0/toolchain/arm/arm-gnu-toolchain/bin/../lib/gcc/arm-none-eabi/4.9.3/../../../../arm-none-eabi/lib/armv7-m\libc.a(lib_a-exit.o)
                              d:/program files (x86)/atmel studio/7.0/toolchain/arm/arm-gnu-toolchain/bin/../lib/gcc/arm-none-eabi/4.9.3/../../../../arm-none-eabi/lib/armv7-m/crt0.o (exit)
d:/program files (x86)/atmel studio/7.0/toolchain/arm/arm-gnu-toolchain/bin/../lib/gcc/arm-none-eabi/4.9.3/../../../../arm-none-eabi/lib/armv7-m\libc.a(lib_a-gets.o)
                              src/main.o (gets)
d:/program files (x86)/atmel studio/7.0/toolchain/arm/arm-gnu-toolchain/bin/../lib/gcc/arm-none-eabi/4.9.3/../../../../arm-none-eabi/lib/armv7-m\libc.a(lib_a-impure.o)
                              d:/program files (x86)/atmel studio/7.0/toolchain/arm/arm-gnu-toolchain/bin/../lib/gcc/arm-none-eabi/4.9.3/../../../../arm-none-eabi/lib/armv7-m\libc.a(lib_a-exit.o) (_global_impure_ptr)
d:/program files (x86)/atmel studio/7.0/toolchain/arm/arm-gnu-toolchain/bin/../lib/gcc/arm-none-eabi/4.9.3/../../../../arm-none-eabi/lib/armv7-m\libc.a(lib_a-init.o)
                              d:/program files (x86)/atmel studio/7.0/toolchain/arm/arm-gnu-toolchain/bin/../lib/gcc/arm-none-eabi/4.9.3/../../../../arm-none-eabi/lib/armv7-m/crt0.o (__libc_init_array)
d:/program files (x86)/atmel studio/7.0/toolchain/arm/arm-gnu-toolchain/bin/../lib/gcc/arm-none-eabi/4.9.3/../../../../arm-none-eabi/lib/armv7-m\libc.a(lib_a-iprintf.o)
                              src/lcd_driver/lcd_driver.o (iprintf)
d:/program files (x86)/atmel studio/7.0/toolchain/arm/arm-gnu-toolchain/bin/../lib/gcc/arm-none-eabi/4.9.3/../../../../arm-none-eabi/lib/armv7-m\libc.a(lib_a-itoa.o)
                              src/lcd_driver/lcd_driver.o (itoa)
d:/program files (x86)/atmel studio/7.0/toolchain/arm/arm-gnu-toolchain/bin/../lib/gcc/arm-none-eabi/4.9.3/../../../../arm-none-eabi/lib/armv7-m\libc.a(lib_a-memset.o)
                              d:/program files (x86)/atmel studio/7.0/toolchain/arm/arm-gnu-toolchain/bin/../lib/gcc/arm-none-eabi/4.9.3/../../../../arm-none-eabi/lib/armv7-m/crt0.o (memset)
d:/program files (x86)/atmel studio/7.0/toolchain/arm/arm-gnu-toolchain/bin/../lib/gcc/arm-none-eabi/4.9.3/../../../../arm-none-eabi/lib/armv7-m\libc.a(lib_a-rget.o)
                              d:/program files (x86)/atmel studio/7.0/toolchain/arm/arm-gnu-toolchain/bin/../lib/gcc/arm-none-eabi/4.9.3/../../../../arm-none-eabi/lib/armv7-m\libc.a(lib_a-gets.o) (__srget_r)
d:/program files (x86)/atmel studio/7.0/toolchain/arm/arm-gnu-toolchain/bin/../lib/gcc/arm-none-eabi/4.9.3/../../../../arm-none-eabi/lib/armv7-m\libc.a(lib_a-setbuf.o)
                              src/ASF/thirdparty/wireless/addons/sio2host/uart/sio2host.o (setbuf)
d:/program files (x86)/atmel studio/7.0/toolchain/arm/arm-gnu-toolchain/bin/../lib/gcc/arm-none-eabi/4.9.3/../../../../arm-none-eabi/lib/armv7-m\libc.a(lib_a-setvbuf.o)
                              d:/program files (x86)/atmel studio/7.0/toolchain/arm/arm-gnu-toolchain/bin/../lib/gcc/arm-none-eabi/4.9.3/../../../../arm-none-eabi/lib/armv7-m\libc.a(lib_a-setbuf.o) (setvbuf)
d:/program files (x86)/atmel studio/7.0/toolchain/arm/arm-gnu-toolchain/bin/../lib/gcc/arm-none-eabi/4.9.3/../../../../arm-none-eabi/lib/armv7-m\libc.a(lib_a-utoa.o)
                              d:/program files (x86)/atmel studio/7.0/toolchain/arm/arm-gnu-toolchain/bin/../lib/gcc/arm-none-eabi/4.9.3/../../../../arm-none-eabi/lib/armv7-m\libc.a(lib_a-itoa.o) (__utoa)
d:/program files (x86)/atmel studio/7.0/toolchain/arm/arm-gnu-toolchain/bin/../lib/gcc/arm-none-eabi/4.9.3/../../../../arm-none-eabi/lib/armv7-m\libc.a(lib_a-vfiprintf.o)
                              d:/program files (x86)/atmel studio/7.0/toolchain/arm/arm-gnu-toolchain/bin/../lib/gcc/arm-none-eabi/4.9.3/../../../../arm-none-eabi/lib/armv7-m\libc.a(lib_a-iprintf.o) (_vfiprintf_r)
d:/program files (x86)/atmel studio/7.0/toolchain/arm/arm-gnu-toolchain/bin/../lib/gcc/arm-none-eabi/4.9.3/../../../../arm-none-eabi/lib/armv7-m\libc.a(lib_a-wsetup.o)
                              d:/program files (x86)/atmel studio/7.0/toolchain/arm/arm-gnu-toolchain/bin/../lib/gcc/arm-none-eabi/4.9.3/../../../../arm-none-eabi/lib/armv7-m\libc.a(lib_a-vfiprintf.o) (__swsetup_r)
d:/program files (x86)/atmel studio/7.0/toolchain/arm/arm-gnu-toolchain/bin/../lib/gcc/arm-none-eabi/4.9.3/../../../../arm-none-eabi/lib/armv7-m\libc.a(lib_a-__call_atexit.o)
                              d:/program files (x86)/atmel studio/7.0/toolchain/arm/arm-gnu-toolchain/bin/../lib/gcc/arm-none-eabi/4.9.3/../../../../arm-none-eabi/lib/armv7-m\libc.a(lib_a-exit.o) (__call_exitprocs)
d:/program files (x86)/atmel studio/7.0/toolchain/arm/arm-gnu-toolchain/bin/../lib/gcc/arm-none-eabi/4.9.3/../../../../arm-none-eabi/lib/armv7-m\libc.a(lib_a-atexit.o)
[...]
Memory Configuration

Name             Origin             Length             Attributes
rom              0x00080000         0x00080000         xr
sram0            0x20000000         0x00010000         xrw
sram1            0x20080000         0x00008000         xrw
ram              0x20070000         0x00018000         xrw
*default*        0x00000000         0xffffffff

Linker script and memory map

LOAD d:/program files (x86)/atmel studio/7.0/toolchain/arm/arm-gnu-toolchain/bin/../lib/gcc/arm-none-eabi/4.9.3/armv7-m/crti.o
LOAD d:/program files (x86)/atmel studio/7.0/toolchain/arm/arm-gnu-toolchain/bin/../lib/gcc/arm-none-eabi/4.9.3/armv7-m/crtbegin.o
LOAD d:/program files (x86)/atmel studio/7.0/toolchain/arm/arm-gnu-toolchain/bin/../lib/gcc/arm-none-eabi/4.9.3/../../../../arm-none-eabi/lib/armv7-m/crt0.o
LOAD src/ASF/common/services/serial/usart_serial.o
LOAD src/ASF/common/utils/stdio/read.o
LOAD src/ASF/common/utils/stdio/write.o
LOAD src/ASF/sam/drivers/uart/uart.o
LOAD src/ASF/sam/drivers/usart/usart.o
LOAD src/ASF/thirdparty/wireless/addons/sio2host/uart/sio2host.o
LOAD src/com_driver/com_driver.o
LOAD src/ASF/common/services/delay/sam/cycle_counter.o
LOAD src/lcd_driver/lcd_driver.o
LOAD src/ASF/common/services/clock/sam3x/sysclk.o
LOAD src/ASF/common/utils/interrupt/interrupt_sam_nvic.o
LOAD src/ASF/sam/boards/arduino_due_x/init.o
LOAD src/ASF/sam/drivers/pio/pio.o
LOAD src/ASF/sam/drivers/pio/pio_handler.o
LOAD src/ASF/sam/drivers/pmc/pmc.o
LOAD src/ASF/sam/drivers/pmc/sleep.o
LOAD src/ASF/sam/utils/cmsis/sam3x/source/templates/exceptions.o
LOAD src/ASF/sam/utils/cmsis/sam3x/source/templates/gcc/startup_sam3x.o
LOAD src/ASF/sam/utils/cmsis/sam3x/source/templates/system_sam3x.o
LOAD src/ASF/sam/utils/syscalls/gcc/syscalls.o
LOAD src/main.o
START GROUP
LOAD ../src/ASF/thirdparty/CMSIS/Lib/GCC\libarm_cortexM3l_math.a
LOAD d:/program files (x86)/atmel studio/7.0/toolchain/arm/arm-gnu-toolchain/bin/../lib/gcc/arm-none-eabi/4.9.3/../../../../arm-none-eabi/lib/armv7-m\libm.a
END GROUP
START GROUP
LOAD d:/program files (x86)/atmel studio/7.0/toolchain/arm/arm-gnu-toolchain/bin/../lib/gcc/arm-none-eabi/4.9.3/armv7-m\libgcc.a
LOAD d:/program files (x86)/atmel studio/7.0/toolchain/arm/arm-gnu-toolchain/bin/../lib/gcc/arm-none-eabi/4.9.3/../../../../arm-none-eabi/lib/armv7-m\libc.a
END GROUP
LOAD d:/program files (x86)/atmel studio/7.0/toolchain/arm/arm-gnu-toolchain/bin/../lib/gcc/arm-none-eabi/4.9.3/armv7-m/crtend.o
LOAD d:/program files (x86)/atmel studio/7.0/toolchain/arm/arm-gnu-toolchain/bin/../lib/gcc/arm-none-eabi/4.9.3/armv7-m/crtn.o
                0x00002000                __stack_size__ = DEFINED (__stack_size__)?__stack_size__:0x2000
                0x20087ffc                __ram_end__ = ((ORIGIN (ram) + 0x18000) - 0x4)

.text           0x00080000     0x4284
                0x00080000                . = ALIGN (0x4)
                0x00080000                _sfixed = .
 *(.vectors .vectors.*)
 .vectors       0x00080000       0xf4 src/ASF/sam/utils/cmsis/sam3x/source/templates/gcc/startup_sam3x.o
                0x00080000                exception_table
 *(.text .text.* .gnu.linkonce.t.*)
 .text          0x000800f4       0x5c d:/program files (x86)/atmel studio/7.0/toolchain/arm/arm-gnu-toolchain/bin/../lib/gcc/arm-none-eabi/4.9.3/armv7-m/crtbegin.o
 .text.usart_serial_read_packet
                0x00080150       0xc4 src/ASF/common/services/serial/usart_serial.o
                0x00080150                usart_serial_read_packet
 .text._read    0x00080214       0x3c src/ASF/common/utils/stdio/read.o
                0x00080214                _read
 .text._write   0x00080250       0x50 src/ASF/common/utils/stdio/write.o
                0x00080250                _write
 .text.uart_init
                0x000802a0       0x38 src/ASF/sam/drivers/uart/uart.o
                0x000802a0                uart_init
 .text.uart_write
                0x000802d8       0x10 src/ASF/sam/drivers/uart/uart.o
                0x000802d8                uart_write
 .text.uart_read
                0x000802e8       0x14 src/ASF/sam/drivers/uart/uart.o
                0x000802e8                uart_read
 .text.usart_write
                0x000802fc       0x14 src/ASF/sam/drivers/usart/usart.o
                0x000802fc                usart_write
 .text.usart_read
                0x00080310       0x18 src/ASF/sam/drivers/usart/usart.o
                0x00080310                usart_read
 .text.USART0_Handler
                0x00080328       0x60 src/ASF/thirdparty/wireless/addons/sio2host/uart/sio2host.o
                0x00080328                USART0_Handler
 .text.usart_serial_getchar
                0x00080388       0xa8 src/com_driver/com_driver.o
 .text.usart_serial_putchar
                0x00080430       0x9c src/com_driver/com_driver.o
 .text.configure_console
                0x000804cc       0x7c src/com_driver/com_driver.o
                0x000804cc                configure_console
 .text.LCD_PulseEnable
                0x00080548       0x28 src/lcd_driver/lcd_driver.o
                0x00080548                LCD_PulseEnable
 .text.LCD_WriteNibble
                0x00080570       0x58 src/lcd_driver/lcd_driver.o
                0x00080570                LCD_WriteNibble
 .text.LCD_WriteData
                0x000805c8       0x2c src/lcd_driver/lcd_driver.o
                0x000805c8                LCD_WriteData
 .text.LCD_WriteCommand
                0x000805f4       0x2c src/lcd_driver/lcd_driver.o
                0x000805f4                LCD_WriteCommand
 .text.LCD_init
                0x00080620       0xa0 src/lcd_driver/lcd_driver.o
                0x00080620                LCD_init
 .text.LCD_AddCharacter
                0x000806c0       0x34 src/lcd_driver/lcd_driver.o
                0x000806c0                LCD_AddCharacter
 .text.char_convert_sv
                0x000806f4       0x58 src/lcd_driver/lcd_driver.o
                0x000806f4                char_convert_sv
 .text.LCD_WriteString
                0x0008074c       0x4c src/lcd_driver/lcd_driver.o
                0x0008074c                LCD_WriteString
 .text.LCD_sv_mode
                0x00080798       0xa8 src/lcd_driver/lcd_driver.o
                0x00080798                LCD_sv_mode
 .text.sysclk_init
                0x00080840       0x64 src/ASF/common/services/clock/sam3x/sysclk.o
                0x00080840                sysclk_init
 .text.board_init
                0x000808a4       0x80 src/ASF/sam/boards/arduino_due_x/init.o
                0x000808a4                board_init
 .text.pio_set_peripheral
                0x00080924       0x40 src/ASF/sam/drivers/pio/pio.o
                0x00080924                pio_set_peripheral
 .text.pio_set_input
                0x00080964       0x34 src/ASF/sam/drivers/pio/pio.o
                0x00080964                pio_set_input
 .text.pio_set_output
                0x00080998       0x28 src/ASF/sam/drivers/pio/pio.o
                0x00080998                pio_set_output
 .text.pio_get_interrupt_status
                0x000809c0        0x4 src/ASF/sam/drivers/pio/pio.o
                0x000809c0                pio_get_interrupt_status
 .text.pio_get_interrupt_mask
                0x000809c4        0x4 src/ASF/sam/drivers/pio/pio.o
                0x000809c4                pio_get_interrupt_mask
 .text.pio_configure_pin
                0x000809c8       0xd4 src/ASF/sam/drivers/pio/pio.o
                0x000809c8                pio_configure_pin
 .text.pio_configure_pin_group
                0x00080a9c       0xa0 src/ASF/sam/drivers/pio/pio.o
                0x00080a9c                pio_configure_pin_group
 .text.pio_handler_process
                0x00080b3c       0x50 src/ASF/sam/drivers/pio/pio_handler.o
                0x00080b3c                pio_handler_process
 .text.PIOA_Handler
                0x00080b8c       0x14 src/ASF/sam/drivers/pio/pio_handler.o
                0x00080b8c                PIOA_Handler
 .text.PIOB_Handler
                0x00080ba0       0x14 src/ASF/sam/drivers/pio/pio_handler.o
                0x00080ba0                PIOB_Handler
 .text.PIOC_Handler
                0x00080bb4       0x14 src/ASF/sam/drivers/pio/pio_handler.o
                0x00080bb4                PIOC_Handler
 .text.PIOD_Handler
                0x00080bc8       0x14 src/ASF/sam/drivers/pio/pio_handler.o
                0x00080bc8                PIOD_Handler
 .text.pmc_switch_mck_to_pllack
                0x00080bdc       0x68 src/ASF/sam/drivers/pmc/pmc.o
                0x00080bdc                pmc_switch_mck_to_pllack
 .text.pmc_switch_mainck_to_xtal
                0x00080c44       0x54 src/ASF/sam/drivers/pmc/pmc.o
                0x00080c44                pmc_switch_mainck_to_xtal
 .text.pmc_osc_is_ready_mainck
                0x00080c98       0x10 src/ASF/sam/drivers/pmc/pmc.o
                0x00080c98                pmc_osc_is_ready_mainck
 .text.pmc_disable_pllack
                0x00080ca8       0x10 src/ASF/sam/drivers/pmc/pmc.o
                0x00080ca8                pmc_disable_pllack
 .text.pmc_is_locked_pllack
                0x00080cb8       0x10 src/ASF/sam/drivers/pmc/pmc.o
                0x00080cb8                pmc_is_locked_pllack
 .text.pmc_enable_periph_clk
                0x00080cc8       0x54 src/ASF/sam/drivers/pmc/pmc.o
                0x00080cc8                pmc_enable_periph_clk
 .text.Dummy_Handler
                0x00080d1c        0x4 src/ASF/sam/utils/cmsis/sam3x/source/templates/exceptions.o
                0x00080d1c                DACC_Handler
                0x00080d1c                DebugMon_Handler
                0x00080d1c                DMAC_Handler
                0x00080d1c                TRNG_Handler
                0x00080d1c                HardFault_Handler
                0x00080d1c                TC2_Handler
                0x00080d1c                SysTick_Handler
                0x00080d1c                USART3_Handler
                0x00080d1c                TWI1_Handler
                0x00080d1c                PendSV_Handler
                0x00080d1c                NMI_Handler
                0x00080d1c                TC7_Handler
                0x00080d1c                ADC_Handler
                0x00080d1c                SMC_Handler
                0x00080d1c                RTT_Handler
                0x00080d1c                EFC1_Handler
                0x00080d1c                RTC_Handler
                0x00080d1c                UsageFault_Handler
                0x00080d1c                TC6_Handler
                0x00080d1c                WDT_Handler
                0x00080d1c                CAN0_Handler
                0x00080d1c                TC4_Handler
                0x00080d1c                TC1_Handler
                0x00080d1c                HSMCI_Handler
                0x00080d1c                TC3_Handler
                0x00080d1c                Dummy_Handler
                0x00080d1c                TWI0_Handler
                0x00080d1c                USART1_Handler
                0x00080d1c                SSC_Handler
                0x00080d1c                EFC0_Handler
                0x00080d1c                PMC_Handler
                0x00080d1c                PWM_Handler
                0x00080d1c                CAN1_Handler
                0x00080d1c                MemManage_Handler
                0x00080d1c                SUPC_Handler
                0x00080d1c                SVC_Handler
                0x00080d1c                TC8_Handler
                0x00080d1c                USART2_Handler
                0x00080d1c                EMAC_Handler
                0x00080d1c                UART_Handler
                0x00080d1c                BusFault_Handler
                0x00080d1c                RSTC_Handler
                0x00080d1c                TC0_Handler
                0x00080d1c                TC5_Handler
                0x00080d1c                UOTGHS_Handler
                0x00080d1c                SPI0_Handler
 .text.Reset_Handler
                0x00080d20       0xb0 src/ASF/sam/utils/cmsis/sam3x/source/templates/gcc/startup_sam3x.o
                0x00080d20                Reset_Handler
 .text.SystemCoreClockUpdate
                0x00080dd0      0x11c src/ASF/sam/utils/cmsis/sam3x/source/templates/system_sam3x.o
                0x00080dd0                SystemCoreClockUpdate
 .text._sbrk    0x00080eec       0x34 src/ASF/sam/utils/syscalls/gcc/syscalls.o
                0x00080eec                _sbrk
 .text._close   0x00080f20        0x8 src/ASF/sam/utils/syscalls/gcc/syscalls.o
                0x00080f20                _close
 .text._fstat   0x00080f28        0xc src/ASF/sam/utils/syscalls/gcc/syscalls.o
                0x00080f28                _fstat
 .text._isatty  0x00080f34        0x4 src/ASF/sam/utils/syscalls/gcc/syscalls.o
                0x00080f34                _isatty
 .text._lseek   0x00080f38        0x4 src/ASF/sam/utils/syscalls/gcc/syscalls.o
                0x00080f38                _lseek
 .text.main     0x00080f3c       0x70 src/main.o
                0x00080f3c                main
 .text._gets_r  0x00080fac       0x4c d:/program files (x86)/atmel studio/7.0/toolchain/arm/arm-gnu-toolchain/bin/../lib/gcc/arm-none-eabi/4.9.3/../../../../arm-none-eabi/lib/armv7-m\libc.a(lib_a-gets.o)
                0x00080fac                _gets_r
 .text.gets     0x00080ff8       0x10 d:/program files (x86)/atmel studio/7.0/toolchain/arm/arm-gnu-toolchain/bin/../lib/gcc/arm-none-eabi/4.9.3/../../../../arm-none-eabi/lib/armv7-m\libc.a(lib_a-gets.o)
                0x00080ff8                gets
 .text.__libc_init_array
                0x00081008       0x50 d:/program files (x86)/atmel studio/7.0/toolchain/arm/arm-gnu-toolchain/bin/../lib/gcc/arm-none-eabi/4.9.3/../../../../arm-none-eabi/lib/armv7-m\libc.a(lib_a-init.o)
                0x00081008                __libc_init_array
 .text.iprintf  0x00081058       0x28 d:/program files (x86)/atmel studio/7.0/toolchain/arm/arm-gnu-toolchain/bin/../lib/gcc/arm-none-eabi/4.9.3/../../../../arm-none-eabi/lib/armv7-m\libc.a(lib_a-iprintf.o)
                0x00081058                iprintf
 .text.__itoa   0x00081080       0x30 d:/program files (x86)/atmel studio/7.0/toolchain/arm/arm-gnu-toolchain/bin/../lib/gcc/arm-none-eabi/4.9.3/../../../../arm-none-eabi/lib/armv7-m\libc.a(lib_a-itoa.o)
                0x00081080                __itoa
 .text.itoa     0x000810b0        0x4 d:/program files (x86)/atmel studio/7.0/toolchain/arm/arm-gnu-toolchain/bin/../lib/gcc/arm-none-eabi/4.9.3/../../../../arm-none-eabi/lib/armv7-m\libc.a(lib_a-itoa.o)
                0x000810b0                itoa
 .text.memset   0x000810b4       0x9c d:/program files (x86)/atmel studio/7.0/toolchain/arm/arm-gnu-toolchain/bin/../lib/gcc/arm-none-eabi/4.9.3/../../../../arm-none-eabi/lib/armv7-m\libc.a(lib_a-memset.o)
                0x000810b4                memset
 .text.__srget_r
                0x00081150       0x34 d:/program files (x86)/atmel studio/7.0/toolchain/arm/arm-gnu-toolchain/bin/../lib/gcc/arm-none-eabi/4.9.3/../../../../arm-none-eabi/lib/armv7-m\libc.a(lib_a-rget.o)
                0x00081150                __srget_r
 .text.setbuf   0x00081184       0x10 d:/program files (x86)/atmel studio/7.0/toolchain/arm/arm-gnu-toolchain/bin/../lib/gcc/arm-none-eabi/4.9.3/../../../../arm-none-eabi/lib/armv7-m\libc.a(lib_a-setbuf.o)
                0x00081184                setbuf
 .text.setvbuf  0x00081194       0xf8 d:/program files (x86)/atmel studio/7.0/toolchain/arm/arm-gnu-toolchain/bin/../lib/gcc/arm-none-eabi/4.9.3/../../../../arm-none-eabi/lib/armv7-m\libc.a(lib_a-setvbuf.o)
                0x00081194                setvbuf
 .text.__utoa   0x0008128c       0x80 d:/program files (x86)/atmel studio/7.0/toolchain/arm/arm-gnu-toolchain/bin/../lib/gcc/arm-none-eabi/4.9.3/../../../../arm-none-eabi/lib/armv7-m\libc.a(lib_a-utoa.o)
                0x0008128c                __utoa
 .text.__sprint_r.part.0
                0x0008130c       0x78 d:/program files (x86)/atmel studio/7.0/toolchain/arm/arm-gnu-toolchain/bin/../lib/gcc/arm-none-eabi/4.9.3/../../../../arm-none-eabi/lib/armv7-m\libc.a(lib_a-vfiprintf.o)
 .text._vfiprintf_r
                0x00081384      0xc10 d:/program files (x86)/atmel studio/7.0/toolchain/arm/arm-gnu-toolchain/bin/../lib/gcc/arm-none-eabi/4.9.3/../../../../arm-none-eabi/lib/armv7-m\libc.a(lib_a-vfiprintf.o)
                0x00081384                _vfiprintf_r
 .text.__sbprintf
                0x00081f94       0x7c d:/program files (x86)/atmel studio/7.0/toolchain/arm/arm-gnu-toolchain/bin/../lib/gcc/arm-none-eabi/4.9.3/../../../../arm-none-eabi/lib/armv7-m\libc.a(lib_a-vfiprintf.o)
 .text.__swsetup_r
                0x00082010       0xc4 d:/program files (x86)/atmel studio/7.0/toolchain/arm/arm-gnu-toolchain/bin/../lib/gcc/arm-none-eabi/4.9.3/../../../../arm-none-eabi/lib/armv7-m\libc.a(lib_a-wsetup.o)
                0x00082010                __swsetup_r
 .text.startup.register_fini
                0x000820d4       0x14 d:/program files (x86)/atmel studio/7.0/toolchain/arm/arm-gnu-toolchain/bin/../lib/gcc/arm-none-eabi/4.9.3/../../../../arm-none-eabi/lib/armv7-m\libc.a(lib_a-__call_atexit.o)
 .text.atexit   0x000820e8        0xc d:/program files (x86)/atmel studio/7.0/toolchain/arm/arm-gnu-toolchain/bin/../lib/gcc/arm-none-eabi/4.9.3/../../../../arm-none-eabi/lib/armv7-m\libc.a(lib_a-atexit.o)
                0x000820e8                atexit
 .text.__sflush_r
                0x000820f4      0x148 d:/program files (x86)/atmel studio/7.0/toolchain/arm/arm-gnu-toolchain/bin/../lib/gcc/arm-none-eabi/4.9.3/../../../../arm-none-eabi/lib/armv7-m\libc.a(lib_a-fflush.o)
                0x000820f4                __sflush_r
 .text._fflush_r
                0x0008223c       0x2c d:/program files (x86)/atmel studio/7.0/toolchain/arm/arm-gnu-toolchain/bin/../lib/gcc/arm-none-eabi/4.9.3/../../../../arm-none-eabi/lib/armv7-m\libc.a(lib_a-fflush.o)
                0x0008223c                _fflush_r
 .text.fflush   0x00082268       0x24 d:/program files (x86)/atmel studio/7.0/toolchain/arm/arm-gnu-toolchain/bin/../lib/gcc/arm-none-eabi/4.9.3/../../../../arm-none-eabi/lib/armv7-m\libc.a(lib_a-fflush.o)
                0x00082268                fflush
 .text._cleanup_r
                0x0008228c        0xc d:/program files (x86)/atmel studio/7.0/toolchain/arm/arm-gnu-toolchain/bin/../lib/gcc/arm-none-eabi/4.9.3/../../../../arm-none-eabi/lib/armv7-m\libc.a(lib_a-findfp.o)
                0x0008228c                _cleanup_r
 .text.__sinit.part.1
                0x00082298       0xf0 d:/program files (x86)/atmel studio/7.0/toolchain/arm/arm-gnu-toolchain/bin/../lib/gcc/arm-none-eabi/4.9.3/../../../../arm-none-eabi/lib/armv7-m\libc.a(lib_a-findfp.o)
 .text.__sinit  0x00082388        0xc d:/program files (x86)/atmel studio/7.0/toolchain/arm/arm-gnu-toolchain/bin/../lib/gcc/arm-none-eabi/4.9.3/../../../../arm-none-eabi/lib/armv7-m\libc.a(lib_a-findfp.o)
                0x00082388                __sinit
 .text.__sfp_lock_acquire
                0x00082394        0x4 d:/program files (x86)/atmel studio/7.0/toolchain/arm/arm-gnu-toolchain/bin/../lib/gcc/arm-none-eabi/4.9.3/../../../../arm-none-eabi/lib/armv7-m\libc.a(lib_a-findfp.o)
                0x00082394                __sfp_lock_acquire
 .text.__sfp_lock_release
                0x00082398        0x4 d:/program files (x86)/atmel studio/7.0/toolchain/arm/arm-gnu-toolchain/bin/../lib/gcc/arm-none-eabi/4.9.3/../../../../arm-none-eabi/lib/armv7-m\libc.a(lib_a-findfp.o)
                0x00082398                __sfp_lock_release
 .text.__libc_fini_array
                0x0008239c       0x2c d:/program files (x86)/atmel studio/7.0/toolchain/arm/arm-gnu-toolchain/bin/../lib/gcc/arm-none-eabi/4.9.3/../../../../arm-none-eabi/lib/armv7-m\libc.a(lib_a-fini.o)
                0x0008239c                __libc_fini_array
 .text.__fputwc
                0x000823c8       0xb0 d:/program files (x86)/atmel studio/7.0/toolchain/arm/arm-gnu-toolchain/bin/../lib/gcc/arm-none-eabi/4.9.3/../../../../arm-none-eabi/lib/armv7-m\libc.a(lib_a-fputwc.o)
                0x000823c8                __fputwc
 .text._fputwc_r
                0x00082478       0x24 d:/program files (x86)/atmel studio/7.0/toolchain/arm/arm-gnu-toolchain/bin/../lib/gcc/arm-none-eabi/4.9.3/../../../../arm-none-eabi/lib/armv7-m\libc.a(lib_a-fputwc.o)
                0x00082478                _fputwc_r
 .text._malloc_trim_r
                0x0008249c       0x9c d:/program files (x86)/atmel studio/7.0/toolchain/arm/arm-gnu-toolchain/bin/../lib/gcc/arm-none-eabi/4.9.3/../../../../arm-none-eabi/lib/armv7-m\libc.a(lib_a-freer.o)
                0x0008249c                _malloc_trim_r
 .text._free_r  0x00082538      0x1b0 d:/program files (x86)/atmel studio/7.0/toolchain/arm/arm-gnu-toolchain/bin/../lib/gcc/arm-none-eabi/4.9.3/../../../../arm-none-eabi/lib/armv7-m\libc.a(lib_a-freer.o)
                0x00082538                _free_r
 .text.__sfvwrite_r
                0x000826e8      0x320 d:/program files (x86)/atmel studio/7.0/toolchain/arm/arm-gnu-toolchain/bin/../lib/gcc/arm-none-eabi/4.9.3/../../../../arm-none-eabi/lib/armv7-m\libc.a(lib_a-fvwrite.o)
                0x000826e8                __sfvwrite_r
 .text._fwalk   0x00082a08       0x48 d:/program files (x86)/atmel studio/7.0/toolchain/arm/arm-gnu-toolchain/bin/../lib/gcc/arm-none-eabi/4.9.3/../../../../arm-none-eabi/lib/armv7-m\libc.a(lib_a-fwalk.o)
                0x00082a08                _fwalk
 .text._fwalk_reent
                0x00082a50       0x50 d:/program files (x86)/atmel studio/7.0/toolchain/arm/arm-gnu-toolchain/bin/../lib/gcc/arm-none-eabi/4.9.3/../../../../arm-none-eabi/lib/armv7-m\libc.a(lib_a-fwalk.o)
                0x00082a50                _fwalk_reent
 .text.__locale_charset
                0x00082aa0        0x8 d:/program files (x86)/atmel studio/7.0/toolchain/arm/arm-gnu-toolchain/bin/../lib/gcc/arm-none-eabi/4.9.3/../../../../arm-none-eabi/lib/armv7-m\libc.a(lib_a-locale.o)
                0x00082aa0                __locale_charset
 .text.__locale_mb_cur_max
                0x00082aa8        0xc d:/program files (x86)/atmel studio/7.0/toolchain/arm/arm-gnu-toolchain/bin/../lib/gcc/arm-none-eabi/4.9.3/../../../../arm-none-eabi/lib/armv7-m\libc.a(lib_a-locale.o)
                0x00082aa8                __locale_mb_cur_max
 .text.__smakebuf_r
                0x00082ab4       0xe0 d:/program files (x86)/atmel studio/7.0/toolchain/arm/arm-gnu-toolchain/bin/../lib/gcc/arm-none-eabi/4.9.3/../../../../arm-none-eabi/lib/armv7-m\libc.a(lib_a-makebuf.o)
                0x00082ab4                __smakebuf_r
 .text.malloc   0x00082b94       0x10 d:/program files (x86)/atmel studio/7.0/toolchain/arm/arm-gnu-toolchain/bin/../lib/gcc/arm-none-eabi/4.9.3/../../../../arm-none-eabi/lib/armv7-m\libc.a(lib_a-malloc.o)
                0x00082b94                malloc
 .text._malloc_r
                0x00082ba4      0x50c d:/program files (x86)/atmel studio/7.0/toolchain/arm/arm-gnu-toolchain/bin/../lib/gcc/arm-none-eabi/4.9.3/../../../../arm-none-eabi/lib/armv7-m\libc.a(lib_a-mallocr.o)
                0x00082ba4                _malloc_r
 .text.memchr   0x000830b0       0x94 d:/program files (x86)/atmel studio/7.0/toolchain/arm/arm-gnu-toolchain/bin/../lib/gcc/arm-none-eabi/4.9.3/../../../../arm-none-eabi/lib/armv7-m\libc.a(lib_a-memchr.o)
                0x000830b0                memchr
 .text          0x00083144       0xec d:/program files (x86)/atmel studio/7.0/toolchain/arm/arm-gnu-toolchain/bin/../lib/gcc/arm-none-eabi/4.9.3/../../../../arm-none-eabi/lib/armv7-m\libc.a(lib_a-memcpy.o)
                0x00083144                memcpy
 .text.memmove  0x00083230       0xc8 d:/program files (x86)/atmel studio/7.0/toolchain/arm/arm-gnu-toolchain/bin/../lib/gcc/arm-none-eabi/4.9.3/../../../../arm-none-eabi/lib/armv7-m\libc.a(lib_a-memmove.o)
                0x00083230                memmove
 .text.__malloc_lock
                0x000832f8        0x4 d:/program files (x86)/atmel studio/7.0/toolchain/arm/arm-gnu-toolchain/bin/../lib/gcc/arm-none-eabi/4.9.3/../../../../arm-none-eabi/lib/armv7-m\libc.a(lib_a-mlock.o)
                0x000832f8                __malloc_lock
 .text.__malloc_unlock
                0x000832fc        0x4 d:/program files (x86)/atmel studio/7.0/toolchain/arm/arm-gnu-toolchain/bin/../lib/gcc/arm-none-eabi/4.9.3/../../../../arm-none-eabi/lib/armv7-m\libc.a(lib_a-mlock.o)
                0x000832fc                __malloc_unlock
 .text._realloc_r
                0x00083300      0x3e0 d:/program files (x86)/atmel studio/7.0/toolchain/arm/arm-gnu-toolchain/bin/../lib/gcc/arm-none-eabi/4.9.3/../../../../arm-none-eabi/lib/armv7-m\libc.a(lib_a-reallocr.o)
                0x00083300                _realloc_r
 .text.lflush   0x000836e0       0x14 d:/program files (x86)/atmel studio/7.0/toolchain/arm/arm-gnu-toolchain/bin/../lib/gcc/arm-none-eabi/4.9.3/../../../../arm-none-eabi/lib/armv7-m\libc.a(lib_a-refill.o)
 .text.__srefill_r
                0x000836f4      0x110 d:/program files (x86)/atmel studio/7.0/toolchain/arm/arm-gnu-toolchain/bin/../lib/gcc/arm-none-eabi/4.9.3/../../../../arm-none-eabi/lib/armv7-m\libc.a(lib_a-refill.o)
                0x000836f4                __srefill_r
 .text._sbrk_r  0x00083804       0x24 d:/program files (x86)/atmel studio/7.0/toolchain/arm/arm-gnu-toolchain/bin/../lib/gcc/arm-none-eabi/4.9.3/../../../../arm-none-eabi/lib/armv7-m\libc.a(lib_a-sbrkr.o)
                0x00083804                _sbrk_r
 .text.__sread  0x00083828       0x24 d:/program files (x86)/atmel studio/7.0/toolchain/arm/arm-gnu-toolchain/bin/../lib/gcc/arm-none-eabi/4.9.3/../../../../arm-none-eabi/lib/armv7-m\libc.a(lib_a-stdio.o)
                0x00083828                __sread
 .text.__swrite
                0x0008384c       0x38 d:/program files (x86)/atmel studio/7.0/toolchain/arm/arm-gnu-toolchain/bin/../lib/gcc/arm-none-eabi/4.9.3/../../../../arm-none-eabi/lib/armv7-m\libc.a(lib_a-stdio.o)
                0x0008384c                __swrite
 .text.__sseek  0x00083884       0x20 d:/program files (x86)/atmel studio/7.0/toolchain/arm/arm-gnu-toolchain/bin/../lib/gcc/arm-none-eabi/4.9.3/../../../../arm-none-eabi/lib/armv7-m\libc.a(lib_a-stdio.o)
                0x00083884                __sseek
 .text.__sclose
                0x000838a4        0x8 d:/program files (x86)/atmel studio/7.0/toolchain/arm/arm-gnu-toolchain/bin/../lib/gcc/arm-none-eabi/4.9.3/../../../../arm-none-eabi/lib/armv7-m\libc.a(lib_a-stdio.o)
                0x000838a4                __sclose
 .text.strlen   0x000838ac       0x5c d:/program files (x86)/atmel studio/7.0/toolchain/arm/arm-gnu-toolchain/bin/../lib/gcc/arm-none-eabi/4.9.3/../../../../arm-none-eabi/lib/armv7-m\libc.a(lib_a-strlen.o)
                0x000838ac                strlen
 .text.__swbuf_r
                0x00083908       0xa8 d:/program files (x86)/atmel studio/7.0/toolchain/arm/arm-gnu-toolchain/bin/../lib/gcc/arm-none-eabi/4.9.3/../../../../arm-none-eabi/lib/armv7-m\libc.a(lib_a-wbuf.o)
                0x00083908                __swbuf_r
 .text._wcrtomb_r
                0x000839b0       0x54 d:/program files (x86)/atmel studio/7.0/toolchain/arm/arm-gnu-toolchain/bin/../lib/gcc/arm-none-eabi/4.9.3/../../../../arm-none-eabi/lib/armv7-m\libc.a(lib_a-wcrtomb.o)
                0x000839b0                _wcrtomb_r
 .text.__ascii_wctomb
                0x00083a04       0x1c d:/program files (x86)/atmel studio/7.0/toolchain/arm/arm-gnu-toolchain/bin/../lib/gcc/arm-none-eabi/4.9.3/../../../../arm-none-eabi/lib/armv7-m\libc.a(lib_a-wctomb_r.o)
                0x00083a04                __ascii_wctomb
 .text._write_r
                0x00083a20       0x28 d:/program files (x86)/atmel studio/7.0/toolchain/arm/arm-gnu-toolchain/bin/../lib/gcc/arm-none-eabi/4.9.3/../../../../arm-none-eabi/lib/armv7-m\libc.a(lib_a-writer.o)
                0x00083a20                _write_r
 .text.__register_exitproc
                0x00083a48       0xa4 d:/program files (x86)/atmel studio/7.0/toolchain/arm/arm-gnu-toolchain/bin/../lib/gcc/arm-none-eabi/4.9.3/../../../../arm-none-eabi/lib/armv7-m\libc.a(lib_a-__atexit.o)
                0x00083a48                __register_exitproc
 .text._close_r
                0x00083aec       0x24 d:/program files (x86)/atmel studio/7.0/toolchain/arm/arm-gnu-toolchain/bin/../lib/gcc/arm-none-eabi/4.9.3/../../../../arm-none-eabi/lib/armv7-m\libc.a(lib_a-closer.o)
                0x00083aec                _close_r
 .text._fclose_r
                0x00083b10       0x84 d:/program files (x86)/atmel studio/7.0/toolchain/arm/arm-gnu-toolchain/bin/../lib/gcc/arm-none-eabi/4.9.3/../../../../arm-none-eabi/lib/armv7-m\libc.a(lib_a-fclose.o)
                0x00083b10                _fclose_r
 .text._fstat_r
                0x00083b94       0x28 d:/program files (x86)/atmel studio/7.0/toolchain/arm/arm-gnu-toolchain/bin/../lib/gcc/arm-none-eabi/4.9.3/../../../../arm-none-eabi/lib/armv7-m\libc.a(lib_a-fstatr.o)
                0x00083b94                _fstat_r
 .text._isatty_r
                0x00083bbc       0x24 d:/program files (x86)/atmel studio/7.0/toolchain/arm/arm-gnu-toolchain/bin/../lib/gcc/arm-none-eabi/4.9.3/../../../../arm-none-eabi/lib/armv7-m\libc.a(lib_a-isattyr.o)
                0x00083bbc                _isatty_r
 .text._lseek_r
                0x00083be0       0x28 d:/program files (x86)/atmel studio/7.0/toolchain/arm/arm-gnu-toolchain/bin/../lib/gcc/arm-none-eabi/4.9.3/../../../../arm-none-eabi/lib/armv7-m\libc.a(lib_a-lseekr.o)
                0x00083be0                _lseek_r
 .text._read_r  0x00083c08       0x28 d:/program files (x86)/atmel studio/7.0/toolchain/arm/arm-gnu-toolchain/bin/../lib/gcc/arm-none-eabi/4.9.3/../../../../arm-none-eabi/lib/armv7-m\libc.a(lib_a-readr.o)
                0x00083c08                _read_r
 .text          0x00083c30       0x30 d:/program files (x86)/atmel studio/7.0/toolchain/arm/arm-gnu-toolchain/bin/../lib/gcc/arm-none-eabi/4.9.3/armv7-m\libgcc.a(_aeabi_uldivmod.o)
                0x00083c30                __aeabi_uldivmod
 .text          0x00083c60       0x60 d:/program files (x86)/atmel studio/7.0/toolchain/arm/arm-gnu-toolchain/bin/../lib/gcc/arm-none-eabi/4.9.3/armv7-m\libgcc.a(bpabi.o)
                0x00083c60                __gnu_ldivmod_helper
                0x00083c90                __gnu_uldivmod_helper
 .text          0x00083cc0        0x4 d:/program files (x86)/atmel studio/7.0/toolchain/arm/arm-gnu-toolchain/bin/../lib/gcc/arm-none-eabi/4.9.3/armv7-m\libgcc.a(_dvmd_tls.o)
                0x00083cc0                __aeabi_idiv0
                0x00083cc0                __aeabi_ldiv0
 .text          0x00083cc4      0x2ac d:/program files (x86)/atmel studio/7.0/toolchain/arm/arm-gnu-toolchain/bin/../lib/gcc/arm-none-eabi/4.9.3/armv7-m\libgcc.a(_divdi3.o)
                0x00083cc4                __divdi3
 .text          0x00083f70      0x270 d:/program files (x86)/atmel studio/7.0/toolchain/arm/arm-gnu-toolchain/bin/../lib/gcc/arm-none-eabi/4.9.3/armv7-m\libgcc.a(_udivdi3.o)
                0x00083f70                __udivdi3
 *(.glue_7t)
 .glue_7t       0x00000000        0x0 linker stubs
 *(.glue_7)
 .glue_7        0x00000000        0x0 linker stubs
 *(.rodata .rodata* .gnu.linkonce.r.*)
 .rodata.str1.4
                0x000841e0        0x2 d:/program files (x86)/atmel studio/7.0/toolchain/arm/arm-gnu-toolchain/bin/../lib/gcc/arm-none-eabi/4.9.3/../../../../arm-none-eabi/lib/armv7-m\libc.a(lib_a-impure.o)
 *fill*         0x000841e2        0x2 
 .rodata._global_impure_ptr
                0x000841e4        0x4 d:/program files (x86)/atmel studio/7.0/toolchain/arm/arm-gnu-toolchain/bin/../lib/gcc/arm-none-eabi/4.9.3/../../../../arm-none-eabi/lib/armv7-m\libc.a(lib_a-impure.o)
                0x000841e4                _global_impure_ptr
 .rodata.str1.4
                0x000841e8       0x25 d:/program files (x86)/atmel studio/7.0/toolchain/arm/arm-gnu-toolchain/bin/../lib/gcc/arm-none-eabi/4.9.3/../../../../arm-none-eabi/lib/armv7-m\libc.a(lib_a-utoa.o)
 *fill*         0x0008420d        0x3 
 .rodata.zeroes.6869
                0x00084210       0x10 d:/program files (x86)/atmel studio/7.0/toolchain/arm/arm-gnu-toolchain/bin/../lib/gcc/arm-none-eabi/4.9.3/../../../../arm-none-eabi/lib/armv7-m\libc.a(lib_a-vfiprintf.o)
 .rodata.str1.4
                0x00084220       0x30 d:/program files (x86)/atmel studio/7.0/toolchain/arm/arm-gnu-toolchain/bin/../lib/gcc/arm-none-eabi/4.9.3/../../../../arm-none-eabi/lib/armv7-m\libc.a(lib_a-vfiprintf.o)
                                 0x2f (size before relaxing)
 .rodata.blanks.6868
                0x00084250       0x10 d:/program files (x86)/atmel studio/7.0/toolchain/arm/arm-gnu-toolchain/bin/../lib/gcc/arm-none-eabi/4.9.3/../../../../arm-none-eabi/lib/armv7-m\libc.a(lib_a-vfiprintf.o)
 *(.ARM.extab* .gnu.linkonce.armextab.*)
                0x00084260                . = ALIGN (0x4)
 *(.init)
 .init          0x00084260        0x4 d:/program files (x86)/atmel studio/7.0/toolchain/arm/arm-gnu-toolchain/bin/../lib/gcc/arm-none-eabi/4.9.3/armv7-m/crti.o
                0x00084260                _init
 .init          0x00084264        0x8 d:/program files (x86)/atmel studio/7.0/toolchain/arm/arm-gnu-toolchain/bin/../lib/gcc/arm-none-eabi/4.9.3/armv7-m/crtn.o
                0x0008426c                . = ALIGN (0x4)
                0x0008426c                __preinit_array_start = .
 *(.preinit_array)
                0x0008426c                __preinit_array_end = .
                0x0008426c                . = ALIGN (0x4)
                0x0008426c                __init_array_start = .
 *(SORT(.init_array.*))
 .init_array.00000
                0x0008426c        0x4 d:/program files (x86)/atmel studio/7.0/toolchain/arm/arm-gnu-toolchain/bin/../lib/gcc/arm-none-eabi/4.9.3/../../../../arm-none-eabi/lib/armv7-m\libc.a(lib_a-__call_atexit.o)
 *(.init_array)
 .init_array    0x00084270        0x4 d:/program files (x86)/atmel studio/7.0/toolchain/arm/arm-gnu-toolchain/bin/../lib/gcc/arm-none-eabi/4.9.3/armv7-m/crtbegin.o
                0x00084274                __init_array_end = .
                0x00084274                . = ALIGN (0x4)
 *crtbegin.o(.ctors)
 *(EXCLUDE_FILE(*crtend.o) .ctors)
 *(SORT(.ctors.*))
 *crtend.o(.ctors)
                0x00084274                . = ALIGN (0x4)
 *(.fini)
 .fini          0x00084274        0x4 d:/program files (x86)/atmel studio/7.0/toolchain/arm/arm-gnu-toolchain/bin/../lib/gcc/arm-none-eabi/4.9.3/armv7-m/crti.o
                0x00084274                _fini
 .fini          0x00084278        0x8 d:/program files (x86)/atmel studio/7.0/toolchain/arm/arm-gnu-toolchain/bin/../lib/gcc/arm-none-eabi/4.9.3/armv7-m/crtn.o
                0x00084280                . = ALIGN (0x4)
                0x00084280                __fini_array_start = .
 *(.fini_array)
 .fini_array    0x00084280        0x4 d:/program files (x86)/atmel studio/7.0/toolchain/arm/arm-gnu-toolchain/bin/../lib/gcc/arm-none-eabi/4.9.3/armv7-m/crtbegin.o
 *(SORT(.fini_array.*))
                0x00084284                __fini_array_end = .
 *crtbegin.o(.dtors)
 *(EXCLUDE_FILE(*crtend.o) .dtors)
 *(SORT(.dtors.*))
 *crtend.o(.dtors)
                0x00084284                . = ALIGN (0x4)
                0x00084284                _efixed = .
                0x00084284                PROVIDE (__exidx_start, .)

.vfp11_veneer   0x00084284        0x0
 .vfp11_veneer  0x00000000        0x0 linker stubs

.v4_bx          0x00084284        0x0
 .v4_bx         0x00000000        0x0 linker stubs

.iplt           0x00084284        0x0
 .iplt          0x00000000        0x0 d:/program files (x86)/atmel studio/7.0/toolchain/arm/arm-gnu-toolchain/bin/../lib/gcc/arm-none-eabi/4.9.3/armv7-m/crtbegin.o

.ARM.exidx      0x00084284        0x8
 *(.ARM.exidx* .gnu.linkonce.armexidx.*)
 .ARM.exidx     0x00084284        0x8 d:/program files (x86)/atmel studio/7.0/toolchain/arm/arm-gnu-toolchain/bin/../lib/gcc/arm-none-eabi/4.9.3/armv7-m\libgcc.a(_divdi3.o)
 .ARM.exidx     0x0008428c        0x0 d:/program files (x86)/atmel studio/7.0/toolchain/arm/arm-gnu-toolchain/bin/../lib/gcc/arm-none-eabi/4.9.3/armv7-m\libgcc.a(_udivdi3.o)
                                  0x8 (size before relaxing)
                0x0008428c                PROVIDE (__exidx_end, .)

.eh_frame       0x0008428c        0x0
 .eh_frame      0x0008428c        0x0 d:/program files (x86)/atmel studio/7.0/toolchain/arm/arm-gnu-toolchain/bin/../lib/gcc/arm-none-eabi/4.9.3/armv7-m/crtbegin.o

.rel.dyn        0x0008428c        0x0
 .rel.iplt      0x00000000        0x0 d:/program files (x86)/atmel studio/7.0/toolchain/arm/arm-gnu-toolchain/bin/../lib/gcc/arm-none-eabi/4.9.3/armv7-m/crtbegin.o

.jcr            0x0008428c        0x0
 .jcr           0x0008428c        0x0 d:/program files (x86)/atmel studio/7.0/toolchain/arm/arm-gnu-toolchain/bin/../lib/gcc/arm-none-eabi/4.9.3/armv7-m/crtbegin.o

.igot.plt       0x0008428c        0x0
 .igot.plt      0x00000000        0x0 d:/program files (x86)/atmel studio/7.0/toolchain/arm/arm-gnu-toolchain/bin/../lib/gcc/arm-none-eabi/4.9.3/armv7-m/crtbegin.o
                0x0008428c                . = ALIGN (0x4)
                0x0008428c                _etext = .

.relocate       0x20070000      0x9a4 load address 0x0008428c
                0x20070000                . = ALIGN (0x4)
                0x20070000                _srelocate = .
 *(.ramfunc .ramfunc.*)
 .ramfunc       0x20070000        0xc src/ASF/common/services/delay/sam/cycle_counter.o
                0x20070000                portable_delay_cycles
 .ramfunc       0x2007000c      0x12c src/ASF/sam/utils/cmsis/sam3x/source/templates/system_sam3x.o
                0x2007000c                SystemInit
                0x200700b0                system_init_flash
 *(.data .data.*)
 .data.g_interrupt_enabled
                0x20070138        0x1 src/ASF/common/utils/interrupt/interrupt_sam_nvic.o
                0x20070138                g_interrupt_enabled
 *fill*         0x20070139        0x3 
 .data.SystemCoreClock
                0x2007013c        0x4 src/ASF/sam/utils/cmsis/sam3x/source/templates/system_sam3x.o
                0x2007013c                SystemCoreClock
 .data.impure_data
                0x20070140      0x428 d:/program files (x86)/atmel studio/7.0/toolchain/arm/arm-gnu-toolchain/bin/../lib/gcc/arm-none-eabi/4.9.3/../../../../arm-none-eabi/lib/armv7-m\libc.a(lib_a-impure.o)
 .data._impure_ptr
                0x20070568        0x4 d:/program files (x86)/atmel studio/7.0/toolchain/arm/arm-gnu-toolchain/bin/../lib/gcc/arm-none-eabi/4.9.3/../../../../arm-none-eabi/lib/armv7-m\libc.a(lib_a-impure.o)
                0x20070568                _impure_ptr
 .data.lc_ctype_charset
                0x2007056c       0x20 d:/program files (x86)/atmel studio/7.0/toolchain/arm/arm-gnu-toolchain/bin/../lib/gcc/arm-none-eabi/4.9.3/../../../../arm-none-eabi/lib/armv7-m\libc.a(lib_a-locale.o)
 .data.__mb_cur_max
                0x2007058c        0x4 d:/program files (x86)/atmel studio/7.0/toolchain/arm/arm-gnu-toolchain/bin/../lib/gcc/arm-none-eabi/4.9.3/../../../../arm-none-eabi/lib/armv7-m\libc.a(lib_a-locale.o)
                0x2007058c                __mb_cur_max
 .data.__malloc_av_
                0x20070590      0x408 d:/program files (x86)/atmel studio/7.0/toolchain/arm/arm-gnu-toolchain/bin/../lib/gcc/arm-none-eabi/4.9.3/../../../../arm-none-eabi/lib/armv7-m\libc.a(lib_a-mallocr.o)
                0x20070590                __malloc_av_
 .data.__malloc_trim_threshold
                0x20070998        0x4 d:/program files (x86)/atmel studio/7.0/toolchain/arm/arm-gnu-toolchain/bin/../lib/gcc/arm-none-eabi/4.9.3/../../../../arm-none-eabi/lib/armv7-m\libc.a(lib_a-mallocr.o)
                0x20070998                __malloc_trim_threshold
 .data.__malloc_sbrk_base
                0x2007099c        0x4 d:/program files (x86)/atmel studio/7.0/toolchain/arm/arm-gnu-toolchain/bin/../lib/gcc/arm-none-eabi/4.9.3/../../../../arm-none-eabi/lib/armv7-m\libc.a(lib_a-mallocr.o)
                0x2007099c                __malloc_sbrk_base
 .data.__wctomb
                0x200709a0        0x4 d:/program files (x86)/atmel studio/7.0/toolchain/arm/arm-gnu-toolchain/bin/../lib/gcc/arm-none-eabi/4.9.3/../../../../arm-none-eabi/lib/armv7-m\libc.a(lib_a-wctomb_r.o)
                0x200709a0                __wctomb
                0x200709a4                . = ALIGN (0x4)
                0x200709a4                _erelocate = .

.bss            0x200709a4      0x174 load address 0x00084c30
                0x200709a4                . = ALIGN (0x4)
                0x200709a4                _sbss = .
                0x200709a4                _szero = .
 *(.bss .bss.*)
 .bss           0x200709a4       0x1c d:/program files (x86)/atmel studio/7.0/toolchain/arm/arm-gnu-toolchain/bin/../lib/gcc/arm-none-eabi/4.9.3/armv7-m/crtbegin.o
 .bss.serial_rx_buf
                0x200709c0       0x9c src/ASF/thirdparty/wireless/addons/sio2host/uart/sio2host.o
 .bss.serial_rx_buf_tail
                0x20070a5c        0x1 src/ASF/thirdparty/wireless/addons/sio2host/uart/sio2host.o
 *fill*         0x20070a5d        0x3 
 .bss.gs_interrupt_sources
                0x20070a60       0x70 src/ASF/sam/drivers/pio/pio_handler.o
 .bss.heap.5212
                0x20070ad0        0x4 src/ASF/sam/utils/syscalls/gcc/syscalls.o
 .bss.__malloc_max_total_mem
                0x20070ad4        0x4 d:/program files (x86)/atmel studio/7.0/toolchain/arm/arm-gnu-toolchain/bin/../lib/gcc/arm-none-eabi/4.9.3/../../../../arm-none-eabi/lib/armv7-m\libc.a(lib_a-mallocr.o)
                0x20070ad4                __malloc_max_total_mem
 .bss.__malloc_max_sbrked_mem
                0x20070ad8        0x4 d:/program files (x86)/atmel studio/7.0/toolchain/arm/arm-gnu-toolchain/bin/../lib/gcc/arm-none-eabi/4.9.3/../../../../arm-none-eabi/lib/armv7-m\libc.a(lib_a-mallocr.o)
                0x20070ad8                __malloc_max_sbrked_mem
 .bss.__malloc_top_pad
                0x20070adc        0x4 d:/program files (x86)/atmel studio/7.0/toolchain/arm/arm-gnu-toolchain/bin/../lib/gcc/arm-none-eabi/4.9.3/../../../../arm-none-eabi/lib/armv7-m\libc.a(lib_a-mallocr.o)
                0x20070adc                __malloc_top_pad
 .bss.__malloc_current_mallinfo
                0x20070ae0       0x28 d:/program files (x86)/atmel studio/7.0/toolchain/arm/arm-gnu-toolchain/bin/../lib/gcc/arm-none-eabi/4.9.3/../../../../arm-none-eabi/lib/armv7-m\libc.a(lib_a-mallocr.o)
                0x20070ae0                __malloc_current_mallinfo
 *(COMMON)
 COMMON         0x20070b08        0x4 src/ASF/common/utils/stdio/read.o
                0x20070b08                ptr_get
 COMMON         0x20070b0c        0x8 src/ASF/common/utils/stdio/write.o
                0x20070b0c                ptr_put
                0x20070b10                stdio_base
 COMMON         0x20070b14        0x4 d:/program files (x86)/atmel studio/7.0/toolchain/arm/arm-gnu-toolchain/bin/../lib/gcc/arm-none-eabi/4.9.3/../../../../arm-none-eabi/lib/armv7-m\libc.a(lib_a-reent.o)
                0x20070b14                errno
                0x20070b18                . = ALIGN (0x4)
                0x20070b18                _ebss = .
                0x20070b18                _ezero = .

.stack          0x20070b18     0x2000 load address 0x00084da4
                0x20070b18                . = ALIGN (0x8)
                0x20070b18                _sstack = .
                0x20072b18                . = (. + __stack_size__)
 *fill*         0x20070b18     0x2000 
                0x20072b18                . = ALIGN (0x8)
                0x20072b18                _estack = .
                0x20072b18                . = ALIGN (0x4)
                0x20072b18                _end = .
OUTPUT(HD44780_driver.elf elf32-littlearm)

.ARM.attributes
                0x00000000       0x29
 .ARM.attributes
                0x00000000       0x1d d:/program files (x86)/atmel studio/7.0/toolchain/arm/arm-gnu-toolchain/bin/../lib/gcc/arm-none-eabi/4.9.3/armv7-m/crti.o
 .ARM.attributes
                0x0000001d       0x2d d:/program files (x86)/atmel studio/7.0/toolchain/arm/arm-gnu-toolchain/bin/../lib/gcc/arm-none-eabi/4.9.3/armv7-m/crtbegin.o
 .ARM.attributes
                0x0000004a       0x33 src/ASF/common/services/serial/usart_serial.o
 .ARM.attributes
                0x0000007d       0x33 src/ASF/common/utils/stdio/read.o
 .ARM.attributes
                0x000000b0       0x33 src/ASF/common/utils/stdio/write.o
 .ARM.attributes
                0x000000e3       0x33 src/ASF/sam/drivers/uart/uart.o
 .ARM.attributes
                0x00000116       0x33 src/ASF/sam/drivers/usart/usart.o
 .ARM.attributes
                0x00000149       0x33 src/ASF/thirdparty/wireless/addons/sio2host/uart/sio2host.o
 .ARM.attributes
                0x0000017c       0x33 src/com_driver/com_driver.o
 .ARM.attributes
                0x000001af       0x33 src/ASF/common/services/delay/sam/cycle_counter.o
 .ARM.attributes
                0x000001e2       0x33 src/lcd_driver/lcd_driver.o
 .ARM.attributes
                0x00000215       0x33 src/ASF/common/services/clock/sam3x/sysclk.o
 .ARM.attributes
                0x00000248       0x33 src/ASF/common/utils/interrupt/interrupt_sam_nvic.o
 .ARM.attributes
                0x0000027b       0x33 src/ASF/sam/boards/arduino_due_x/init.o
 .ARM.attributes
                0x000002ae       0x33 src/ASF/sam/drivers/pio/pio.o
 .ARM.attributes
                0x000002e1       0x33 src/ASF/sam/drivers/pio/pio_handler.o
 .ARM.attributes
                0x00000314       0x33 src/ASF/sam/drivers/pmc/pmc.o
 .ARM.attributes
                0x00000347       0x33 src/ASF/sam/utils/cmsis/sam3x/source/templates/exceptions.o
 .ARM.attributes
                0x0000037a       0x33 src/ASF/sam/utils/cmsis/sam3x/source/templates/gcc/startup_sam3x.o
 .ARM.attributes
                0x000003ad       0x33 src/ASF/sam/utils/cmsis/sam3x/source/templates/system_sam3x.o
 .ARM.attributes
                0x000003e0       0x33 src/ASF/sam/utils/syscalls/gcc/syscalls.o
 .ARM.attributes
                0x00000413       0x33 src/main.o
 .ARM.attributes
                0x00000446       0x2d d:/program files (x86)/atmel studio/7.0/toolchain/arm/arm-gnu-toolchain/bin/../lib/gcc/arm-none-eabi/4.9.3/../../../../arm-none-eabi/lib/armv7-m\libc.a(lib_a-gets.o)
 .ARM.attributes
                0x00000473       0x2d d:/program files (x86)/atmel studio/7.0/toolchain/arm/arm-gnu-toolchain/bin/../lib/gcc/arm-none-eabi/4.9.3/../../../../arm-none-eabi/lib/armv7-m\libc.a(lib_a-impure.o)
 .ARM.attributes
                0x000004a0       0x2d d:/program files (x86)/atmel studio/7.0/toolchain/arm/arm-gnu-toolchain/bin/../lib/gcc/arm-none-eabi/4.9.3/../../../../arm-none-eabi/lib/armv7-m\libc.a(lib_a-init.o)
 .ARM.attributes
                0x000004cd       0x2d d:/program files (x86)/atmel studio/7.0/toolchain/arm/arm-gnu-toolchain/bin/../lib/gcc/arm-none-eabi/4.9.3/../../../../arm-none-eabi/lib/armv7-m\libc.a(lib_a-iprintf.o)
 .ARM.attributes
                0x000004fa       0x2d d:/program files (x86)/atmel studio/7.0/toolchain/arm/arm-gnu-toolchain/bin/../lib/gcc/arm-none-eabi/4.9.3/../../../../arm-none-eabi/lib/armv7-m\libc.a(lib_a-itoa.o)
 .ARM.attributes
                0x00000527       0x2d d:/program files (x86)/atmel studio/7.0/toolchain/arm/arm-gnu-toolchain/bin/../lib/gcc/arm-none-eabi/4.9.3/../../../../arm-none-eabi/lib/armv7-m\libc.a(lib_a-memset.o)
 .ARM.attributes
                0x00000554       0x2d d:/program files (x86)/atmel studio/7.0/toolchain/arm/arm-gnu-toolchain/bin/../lib/gcc/arm-none-eabi/4.9.3/../../../../arm-none-eabi/lib/armv7-m\libc.a(lib_a-rget.o)
 .ARM.attributes
                0x00000581       0x2d d:/program files (x86)/atmel studio/7.0/toolchain/arm/arm-gnu-toolchain/bin/../lib/gcc/arm-none-eabi/4.9.3/../../../../arm-none-eabi/lib/armv7-m\libc.a(lib_a-setbuf.o)
 .ARM.attributes
                0x000005ae       0x2d d:/program files (x86)/atmel studio/7.0/toolchain/arm/arm-gnu-toolchain/bin/../lib/gcc/arm-none-eabi/4.9.3/../../../../arm-none-eabi/lib/armv7-m\libc.a(lib_a-setvbuf.o)
 .ARM.attributes
                0x000005db       0x2d d:/program files (x86)/atmel studio/7.0/toolchain/arm/arm-gnu-toolchain/bin/../lib/gcc/arm-none-eabi/4.9.3/../../../../arm-none-eabi/lib/armv7-m\libc.a(lib_a-utoa.o)
 .ARM.attributes
                0x00000608       0x2d d:/program files (x86)/atmel studio/7.0/toolchain/arm/arm-gnu-toolchain/bin/../lib/gcc/arm-none-eabi/4.9.3/../../../../arm-none-eabi/lib/armv7-m\libc.a(lib_a-vfiprintf.o)
 .ARM.attributes
                0x00000635       0x2d d:/program files (x86)/atmel studio/7.0/toolchain/arm/arm-gnu-toolchain/bin/../lib/gcc/arm-none-eabi/4.9.3/../../../../arm-none-eabi/lib/armv7-m\libc.a(lib_a-wsetup.o)
 .ARM.attributes
                0x00000662       0x2d d:/program files (x86)/atmel studio/7.0/toolchain/arm/arm-gnu-toolchain/bin/../lib/gcc/arm-none-eabi/4.9.3/../../../../arm-none-eabi/lib/armv7-m\libc.a(lib_a-__call_atexit.o)
 .ARM.attributes
                0x0000068f       0x2d d:/program files (x86)/atmel studio/7.0/toolchain/arm/arm-gnu-toolchain/bin/../lib/gcc/arm-none-eabi/4.9.3/../../../../arm-none-eabi/lib/armv7-m\libc.a(lib_a-atexit.o)
 .ARM.attributes
                0x000006bc       0x2d d:/program files (x86)/atmel studio/7.0/toolchain/arm/arm-gnu-toolchain/bin/../lib/gcc/arm-none-eabi/4.9.3/../../../../arm-none-eabi/lib/armv7-m\libc.a(lib_a-fflush.o)
 .ARM.attributes
                0x000006e9       0x2d d:/program files (x86)/atmel studio/7.0/toolchain/arm/arm-gnu-toolchain/bin/../lib/gcc/arm-none-eabi/4.9.3/../../../../arm-none-eabi/lib/armv7-m\libc.a(lib_a-findfp.o)
 .ARM.attributes
                0x00000716       0x2d d:/program files (x86)/atmel studio/7.0/toolchain/arm/arm-gnu-toolchain/bin/../lib/gcc/arm-none-eabi/4.9.3/../../../../arm-none-eabi/lib/armv7-m\libc.a(lib_a-fini.o)
 .ARM.attributes
                0x00000743       0x2d d:/program files (x86)/atmel studio/7.0/toolchain/arm/arm-gnu-toolchain/bin/../lib/gcc/arm-none-eabi/4.9.3/../../../../arm-none-eabi/lib/armv7-m\libc.a(lib_a-fputwc.o)
 .ARM.attributes
                0x00000770       0x2d d:/program files (x86)/atmel studio/7.0/toolchain/arm/arm-gnu-toolchain/bin/../lib/gcc/arm-none-eabi/4.9.3/../../../../arm-none-eabi/lib/armv7-m\libc.a(lib_a-freer.o)
 .ARM.attributes
                0x0000079d       0x2d d:/program files (x86)/atmel studio/7.0/toolchain/arm/arm-gnu-toolchain/bin/../lib/gcc/arm-none-eabi/4.9.3/../../../../arm-none-eabi/lib/armv7-m\libc.a(lib_a-fvwrite.o)
 .ARM.attributes
                0x000007ca       0x2d d:/program files (x86)/atmel studio/7.0/toolchain/arm/arm-gnu-toolchain/bin/../lib/gcc/arm-none-eabi/4.9.3/../../../../arm-none-eabi/lib/armv7-m\libc.a(lib_a-fwalk.o)
 .ARM.attributes
                0x000007f7       0x2d d:/program files (x86)/atmel studio/7.0/toolchain/arm/arm-gnu-toolchain/bin/../lib/gcc/arm-none-eabi/4.9.3/../../../../arm-none-eabi/lib/armv7-m\libc.a(lib_a-locale.o)
 .ARM.attributes
                0x00000824       0x2d d:/program files (x86)/atmel studio/7.0/toolchain/arm/arm-gnu-toolchain/bin/../lib/gcc/arm-none-eabi/4.9.3/../../../../arm-none-eabi/lib/armv7-m\libc.a(lib_a-makebuf.o)
 .ARM.attributes
                0x00000851       0x2d d:/program files (x86)/atmel studio/7.0/toolchain/arm/arm-gnu-toolchain/bin/../lib/gcc/arm-none-eabi/4.9.3/../../../../arm-none-eabi/lib/armv7-m\libc.a(lib_a-malloc.o)
 .ARM.attributes
                0x0000087e       0x2d d:/program files (x86)/atmel studio/7.0/toolchain/arm/arm-gnu-toolchain/bin/../lib/gcc/arm-none-eabi/4.9.3/../../../../arm-none-eabi/lib/armv7-m\libc.a(lib_a-mallocr.o)
 .ARM.attributes
                0x000008ab       0x2d d:/program files (x86)/atmel studio/7.0/toolchain/arm/arm-gnu-toolchain/bin/../lib/gcc/arm-none-eabi/4.9.3/../../../../arm-none-eabi/lib/armv7-m\libc.a(lib_a-memchr.o)
 .ARM.attributes
                0x000008d8       0x1b d:/program files (x86)/atmel studio/7.0/toolchain/arm/arm-gnu-toolchain/bin/../lib/gcc/arm-none-eabi/4.9.3/../../../../arm-none-eabi/lib/armv7-m\libc.a(lib_a-memcpy.o)
 .ARM.attributes
                0x000008f3       0x2d d:/program files (x86)/atmel studio/7.0/toolchain/arm/arm-gnu-toolchain/bin/../lib/gcc/arm-none-eabi/4.9.3/../../../../arm-none-eabi/lib/armv7-m\libc.a(lib_a-memmove.o)
 .ARM.attributes
                0x00000920       0x2d d:/program files (x86)/atmel studio/7.0/toolchain/arm/arm-gnu-toolchain/bin/../lib/gcc/arm-none-eabi/4.9.3/../../../../arm-none-eabi/lib/armv7-m\libc.a(lib_a-mlock.o)
 .ARM.attributes
                0x0000094d       0x2d d:/program files (x86)/atmel studio/7.0/toolchain/arm/arm-gnu-toolchain/bin/../lib/gcc/arm-none-eabi/4.9.3/../../../../arm-none-eabi/lib/armv7-m\libc.a(lib_a-reallocr.o)
 .ARM.attributes
                0x0000097a       0x2d d:/program files (x86)/atmel studio/7.0/toolchain/arm/arm-gnu-toolchain/bin/../lib/gcc/arm-none-eabi/4.9.3/../../../../arm-none-eabi/lib/armv7-m\libc.a(lib_a-refill.o)
 .ARM.attributes
                0x000009a7       0x2d d:/program files (x86)/atmel studio/7.0/toolchain/arm/arm-gnu-toolchain/bin/../lib/gcc/arm-none-eabi/4.9.3/../../../../arm-none-eabi/lib/armv7-m\libc.a(lib_a-sbrkr.o)
 .ARM.attributes
                0x000009d4       0x2d d:/program files (x86)/atmel studio/7.0/toolchain/arm/arm-gnu-toolchain/bin/../lib/gcc/arm-none-eabi/4.9.3/../../../../arm-none-eabi/lib/armv7-m\libc.a(lib_a-stdio.o)
 .ARM.attributes
                0x00000a01       0x2d d:/program files (x86)/atmel studio/7.0/toolchain/arm/arm-gnu-toolchain/bin/../lib/gcc/arm-none-eabi/4.9.3/../../../../arm-none-eabi/lib/armv7-m\libc.a(lib_a-strlen.o)
 .ARM.attributes
                0x00000a2e       0x2d d:/program files (x86)/atmel studio/7.0/toolchain/arm/arm-gnu-toolchain/bin/../lib/gcc/arm-none-eabi/4.9.3/../../../../arm-none-eabi/lib/armv7-m\libc.a(lib_a-wbuf.o)
 .ARM.attributes
                0x00000a5b       0x2d d:/program files (x86)/atmel studio/7.0/toolchain/arm/arm-gnu-toolchain/bin/../lib/gcc/arm-none-eabi/4.9.3/../../../../arm-none-eabi/lib/armv7-m\libc.a(lib_a-wcrtomb.o)
 .ARM.attributes
                0x00000a88       0x2d d:/program files (x86)/atmel studio/7.0/toolchain/arm/arm-gnu-toolchain/bin/../lib/gcc/arm-none-eabi/4.9.3/../../../../arm-none-eabi/lib/armv7-m\libc.a(lib_a-wctomb_r.o)
 .ARM.attributes
                0x00000ab5       0x2d d:/program files (x86)/atmel studio/7.0/toolchain/arm/arm-gnu-toolchain/bin/../lib/gcc/arm-none-eabi/4.9.3/../../../../arm-none-eabi/lib/armv7-m\libc.a(lib_a-writer.o)
 .ARM.attributes
                0x00000ae2       0x2d d:/program files (x86)/atmel studio/7.0/toolchain/arm/arm-gnu-toolchain/bin/../lib/gcc/arm-none-eabi/4.9.3/../../../../arm-none-eabi/lib/armv7-m\libc.a(lib_a-__atexit.o)
 .ARM.attributes
                0x00000b0f       0x2d d:/program files (x86)/atmel studio/7.0/toolchain/arm/arm-gnu-toolchain/bin/../lib/gcc/arm-none-eabi/4.9.3/../../../../arm-none-eabi/lib/armv7-m\libc.a(lib_a-closer.o)
 .ARM.attributes
                0x00000b3c       0x2d d:/program files (x86)/atmel studio/7.0/toolchain/arm/arm-gnu-toolchain/bin/../lib/gcc/arm-none-eabi/4.9.3/../../../../arm-none-eabi/lib/armv7-m\libc.a(lib_a-fclose.o)
 .ARM.attributes
                0x00000b69       0x2d d:/program files (x86)/atmel studio/7.0/toolchain/arm/arm-gnu-toolchain/bin/../lib/gcc/arm-none-eabi/4.9.3/../../../../arm-none-eabi/lib/armv7-m\libc.a(lib_a-fstatr.o)
 .ARM.attributes
                0x00000b96       0x2d d:/program files (x86)/atmel studio/7.0/toolchain/arm/arm-gnu-toolchain/bin/../lib/gcc/arm-none-eabi/4.9.3/../../../../arm-none-eabi/lib/armv7-m\libc.a(lib_a-isattyr.o)
 .ARM.attributes
                0x00000bc3       0x2d d:/program files (x86)/atmel studio/7.0/toolchain/arm/arm-gnu-toolchain/bin/../lib/gcc/arm-none-eabi/4.9.3/../../../../arm-none-eabi/lib/armv7-m\libc.a(lib_a-lseekr.o)
 .ARM.attributes
                0x00000bf0       0x2d d:/program files (x86)/atmel studio/7.0/toolchain/arm/arm-gnu-toolchain/bin/../lib/gcc/arm-none-eabi/4.9.3/../../../../arm-none-eabi/lib/armv7-m\libc.a(lib_a-readr.o)
 .ARM.attributes
                0x00000c1d       0x2d d:/program files (x86)/atmel studio/7.0/toolchain/arm/arm-gnu-toolchain/bin/../lib/gcc/arm-none-eabi/4.9.3/../../../../arm-none-eabi/lib/armv7-m\libc.a(lib_a-reent.o)
 .ARM.attributes
                0x00000c4a       0x1d d:/program files (x86)/atmel studio/7.0/toolchain/arm/arm-gnu-toolchain/bin/../lib/gcc/arm-none-eabi/4.9.3/armv7-m\libgcc.a(_aeabi_uldivmod.o)
 .ARM.attributes
                0x00000c67       0x2d d:/program files (x86)/atmel studio/7.0/toolchain/arm/arm-gnu-toolchain/bin/../lib/gcc/arm-none-eabi/4.9.3/armv7-m\libgcc.a(bpabi.o)
 .ARM.attributes
                0x00000c94       0x1d d:/program files (x86)/atmel studio/7.0/toolchain/arm/arm-gnu-toolchain/bin/../lib/gcc/arm-none-eabi/4.9.3/armv7-m\libgcc.a(_dvmd_tls.o)
 .ARM.attributes
                0x00000cb1       0x2d d:/program files (x86)/atmel studio/7.0/toolchain/arm/arm-gnu-toolchain/bin/../lib/gcc/arm-none-eabi/4.9.3/armv7-m\libgcc.a(_divdi3.o)
 .ARM.attributes
                0x00000cde       0x2d d:/program files (x86)/atmel studio/7.0/toolchain/arm/arm-gnu-toolchain/bin/../lib/gcc/arm-none-eabi/4.9.3/armv7-m\libgcc.a(_udivdi3.o)
 .ARM.attributes
                0x00000d0b       0x1d d:/program files (x86)/atmel studio/7.0/toolchain/arm/arm-gnu-toolchain/bin/../lib/gcc/arm-none-eabi/4.9.3/armv7-m/crtn.o

.comment        0x00000000       0x5b
 .comment       0x00000000       0x5b src/ASF/common/services/serial/usart_serial.o
                                 0x5c (size before relaxing)
 .comment       0x00000000       0x5c src/ASF/common/utils/stdio/read.o
 .comment       0x00000000       0x5c src/ASF/common/utils/stdio/write.o
 .comment       0x00000000       0x5c src/ASF/sam/drivers/uart/uart.o
 .comment       0x00000000       0x5c src/ASF/sam/drivers/usart/usart.o
 .comment       0x00000000       0x5c src/ASF/thirdparty/wireless/addons/sio2host/uart/sio2host.o
 .comment       0x00000000       0x5c src/com_driver/com_driver.o
 .comment       0x00000000       0x5c src/ASF/common/services/delay/sam/cycle_counter.o
 .comment       0x00000000       0x5c src/lcd_driver/lcd_driver.o
 .comment       0x00000000       0x5c src/ASF/common/services/clock/sam3x/sysclk.o
 .comment       0x00000000       0x5c src/ASF/common/utils/interrupt/interrupt_sam_nvic.o
 .comment       0x00000000       0x5c src/ASF/sam/boards/arduino_due_x/init.o
 .comment       0x00000000       0x5c src/ASF/sam/drivers/pio/pio.o
 .comment       0x00000000       0x5c src/ASF/sam/drivers/pio/pio_handler.o
 .comment       0x00000000       0x5c src/ASF/sam/drivers/pmc/pmc.o
 .comment       0x00000000       0x5c src/ASF/sam/utils/cmsis/sam3x/source/templates/exceptions.o
 .comment       0x00000000       0x5c src/ASF/sam/utils/cmsis/sam3x/source/templates/gcc/startup_sam3x.o
 .comment       0x00000000       0x5c src/ASF/sam/utils/cmsis/sam3x/source/templates/system_sam3x.o
 .comment       0x00000000       0x5c src/ASF/sam/utils/syscalls/gcc/syscalls.o
 .comment       0x00000000       0x5c src/main.o

.debug_info     0x00000000     0xd284
 .debug_info    0x00000000      0x7d2 src/ASF/common/services/serial/usart_serial.o
 .debug_info    0x000007d2      0x1be src/ASF/common/utils/stdio/read.o
 .debug_info    0x00000990      0x1c0 src/ASF/common/utils/stdio/write.o
 .debug_info    0x00000b50      0x889 src/ASF/sam/drivers/uart/uart.o
 .debug_info    0x000013d9     0x1bfa src/ASF/sam/drivers/usart/usart.o
 .debug_info    0x00002fd3     0x187d src/ASF/thirdparty/wireless/addons/sio2host/uart/sio2host.o
 .debug_info    0x00004850     0x129a src/com_driver/com_driver.o
 .debug_info    0x00005aea      0x134 src/ASF/common/services/delay/sam/cycle_counter.o
 .debug_info    0x00005c1e     0x199a src/lcd_driver/lcd_driver.o
 .debug_info    0x000075b8      0x796 src/ASF/common/services/clock/sam3x/sysclk.o
 .debug_info    0x00007d4e      0x1e8 src/ASF/common/utils/interrupt/interrupt_sam_nvic.o
 .debug_info    0x00007f36      0x75c src/ASF/sam/boards/arduino_due_x/init.o
 .debug_info    0x00008692     0x1391 src/ASF/sam/drivers/pio/pio.o
 .debug_info    0x00009a23      0xe51 src/ASF/sam/drivers/pio/pio_handler.o
 .debug_info    0x0000a874     0x1078 src/ASF/sam/drivers/pmc/pmc.o
 .debug_info    0x0000b8ec      0x124 src/ASF/sam/utils/cmsis/sam3x/source/templates/exceptions.o
 .debug_info    0x0000ba10      0x3bd src/ASF/sam/utils/cmsis/sam3x/source/templates/gcc/startup_sam3x.o
 .debug_info    0x0000bdcd      0x4c6 src/ASF/sam/utils/cmsis/sam3x/source/templates/system_sam3x.o
 .debug_info    0x0000c293      0x43f src/ASF/sam/utils/syscalls/gcc/syscalls.o
 .debug_info    0x0000c6d2      0xbb2 src/main.o

.debug_abbrev   0x00000000     0x25e7
 .debug_abbrev  0x00000000      0x1a8 src/ASF/common/services/serial/usart_serial.o
 .debug_abbrev  0x000001a8      0x101 src/ASF/common/utils/stdio/read.o
 .debug_abbrev  0x000002a9       0xf5 src/ASF/common/utils/stdio/write.o
 .debug_abbrev  0x0000039e      0x1bd src/ASF/sam/drivers/uart/uart.o
 .debug_abbrev  0x0000055b      0x325 src/ASF/sam/drivers/usart/usart.o
 .debug_abbrev  0x00000880      0x3da src/ASF/thirdparty/wireless/addons/sio2host/uart/sio2host.o
 .debug_abbrev  0x00000c5a      0x33f src/com_driver/com_driver.o
 .debug_abbrev  0x00000f99       0x9d src/ASF/common/services/delay/sam/cycle_counter.o
 .debug_abbrev  0x00001036      0x353 src/lcd_driver/lcd_driver.o
 .debug_abbrev  0x00001389      0x227 src/ASF/common/services/clock/sam3x/sysclk.o
 .debug_abbrev  0x000015b0       0xef src/ASF/common/utils/interrupt/interrupt_sam_nvic.o
 .debug_abbrev  0x0000169f      0x16f src/ASF/sam/boards/arduino_due_x/init.o
 .debug_abbrev  0x0000180e      0x2d5 src/ASF/sam/drivers/pio/pio.o
 .debug_abbrev  0x00001ae3      0x257 src/ASF/sam/drivers/pio/pio_handler.o
 .debug_abbrev  0x00001d3a      0x268 src/ASF/sam/drivers/pmc/pmc.o
 .debug_abbrev  0x00001fa2       0x8c src/ASF/sam/utils/cmsis/sam3x/source/templates/exceptions.o
 .debug_abbrev  0x0000202e      0x118 src/ASF/sam/utils/cmsis/sam3x/source/templates/gcc/startup_sam3x.o
 .debug_abbrev  0x00002146      0x115 src/ASF/sam/utils/cmsis/sam3x/source/templates/system_sam3x.o
 .debug_abbrev  0x0000225b      0x14e src/ASF/sam/utils/syscalls/gcc/syscalls.o
 .debug_abbrev  0x000023a9      0x23e src/main.o

.debug_loc      0x00000000     0x45c7
 .debug_loc     0x00000000      0x23d src/ASF/common/services/serial/usart_serial.o
 .debug_loc     0x0000023d      0x107 src/ASF/common/utils/stdio/read.o
 .debug_loc     0x00000344      0x15d src/ASF/common/utils/stdio/write.o
 .debug_loc     0x000004a1      0x242 src/ASF/sam/drivers/uart/uart.o
 .debug_loc     0x000006e3     0x1206 src/ASF/sam/drivers/usart/usart.o
 .debug_loc     0x000018e9      0x528 src/ASF/thirdparty/wireless/addons/sio2host/uart/sio2host.o
 .debug_loc     0x00001e11      0x295 src/com_driver/com_driver.o
 .debug_loc     0x000020a6      0x4a2 src/lcd_driver/lcd_driver.o
 .debug_loc     0x00002548      0x12d src/ASF/common/services/clock/sam3x/sysclk.o
 .debug_loc     0x00002675       0x1e src/ASF/common/utils/interrupt/interrupt_sam_nvic.o
 .debug_loc     0x00002693       0x20 src/ASF/sam/boards/arduino_due_x/init.o
 .debug_loc     0x000026b3      0xb20 src/ASF/sam/drivers/pio/pio.o
 .debug_loc     0x000031d3      0x573 src/ASF/sam/drivers/pio/pio_handler.o
 .debug_loc     0x00003746      0xccc src/ASF/sam/drivers/pmc/pmc.o
 .debug_loc     0x00004412       0x5e src/ASF/sam/utils/cmsis/sam3x/source/templates/gcc/startup_sam3x.o
 .debug_loc     0x00004470      0x12b src/ASF/sam/utils/syscalls/gcc/syscalls.o
 .debug_loc     0x0000459b       0x2c src/main.o

.debug_aranges  0x00000000      0xa20
 .debug_aranges
                0x00000000       0x28 src/ASF/common/services/serial/usart_serial.o
 .debug_aranges
                0x00000028       0x20 src/ASF/common/utils/stdio/read.o
 .debug_aranges
                0x00000048       0x20 src/ASF/common/utils/stdio/write.o
 .debug_aranges
                0x00000068       0xe8 src/ASF/sam/drivers/uart/uart.o
 .debug_aranges
                0x00000150      0x2a8 src/ASF/sam/drivers/usart/usart.o
 .debug_aranges
                0x000003f8       0x60 src/ASF/thirdparty/wireless/addons/sio2host/uart/sio2host.o
 .debug_aranges
                0x00000458       0x30 src/com_driver/com_driver.o
 .debug_aranges
                0x00000488       0x20 src/ASF/common/services/delay/sam/cycle_counter.o
 .debug_aranges
                0x000004a8       0x60 src/lcd_driver/lcd_driver.o
 .debug_aranges
                0x00000508       0x40 src/ASF/common/services/clock/sam3x/sysclk.o
 .debug_aranges
                0x00000548       0x28 src/ASF/common/utils/interrupt/interrupt_sam_nvic.o
 .debug_aranges
                0x00000570       0x20 src/ASF/sam/boards/arduino_due_x/init.o
 .debug_aranges
                0x00000590      0x148 src/ASF/sam/drivers/pio/pio.o
 .debug_aranges
                0x000006d8       0x58 src/ASF/sam/drivers/pio/pio_handler.o
 .debug_aranges
                0x00000730      0x200 src/ASF/sam/drivers/pmc/pmc.o
 .debug_aranges
                0x00000930       0x20 src/ASF/sam/utils/cmsis/sam3x/source/templates/exceptions.o
 .debug_aranges
                0x00000950       0x20 src/ASF/sam/utils/cmsis/sam3x/source/templates/gcc/startup_sam3x.o
 .debug_aranges
                0x00000970       0x30 src/ASF/sam/utils/cmsis/sam3x/source/templates/system_sam3x.o
 .debug_aranges
                0x000009a0       0x60 src/ASF/sam/utils/syscalls/gcc/syscalls.o
 .debug_aranges
                0x00000a00       0x20 src/main.o

.debug_ranges   0x00000000      0x8f8
 .debug_ranges  0x00000000       0x30 src/ASF/common/services/serial/usart_serial.o
 .debug_ranges  0x00000030       0x10 src/ASF/common/utils/stdio/read.o
 .debug_ranges  0x00000040       0x10 src/ASF/common/utils/stdio/write.o
 .debug_ranges  0x00000050       0xd8 src/ASF/sam/drivers/uart/uart.o
 .debug_ranges  0x00000128      0x298 src/ASF/sam/drivers/usart/usart.o
 .debug_ranges  0x000003c0       0x50 src/ASF/thirdparty/wireless/addons/sio2host/uart/sio2host.o
 .debug_ranges  0x00000410       0x20 src/com_driver/com_driver.o
 .debug_ranges  0x00000430       0x10 src/ASF/common/services/delay/sam/cycle_counter.o
 .debug_ranges  0x00000440       0x50 src/lcd_driver/lcd_driver.o
 .debug_ranges  0x00000490       0x30 src/ASF/common/services/clock/sam3x/sysclk.o
 .debug_ranges  0x000004c0       0x18 src/ASF/common/utils/interrupt/interrupt_sam_nvic.o
 .debug_ranges  0x000004d8       0x10 src/ASF/sam/boards/arduino_due_x/init.o
 .debug_ranges  0x000004e8      0x138 src/ASF/sam/drivers/pio/pio.o
 .debug_ranges  0x00000620       0x48 src/ASF/sam/drivers/pio/pio_handler.o
 .debug_ranges  0x00000668      0x1f0 src/ASF/sam/drivers/pmc/pmc.o
 .debug_ranges  0x00000858       0x10 src/ASF/sam/utils/cmsis/sam3x/source/templates/exceptions.o
 .debug_ranges  0x00000868       0x10 src/ASF/sam/utils/cmsis/sam3x/source/templates/gcc/startup_sam3x.o
 .debug_ranges  0x00000878       0x20 src/ASF/sam/utils/cmsis/sam3x/source/templates/system_sam3x.o
 .debug_ranges  0x00000898       0x50 src/ASF/sam/utils/syscalls/gcc/syscalls.o
 .debug_ranges  0x000008e8       0x10 src/main.o

.debug_macro    0x00000000    0x18f6e
 .debug_macro   0x00000000      0x587 src/ASF/common/services/serial/usart_serial.o
 .debug_macro   0x00000587      0x892 src/ASF/common/services/serial/usart_serial.o
 .debug_macro   0x00000e19      0x644 src/ASF/common/services/serial/usart_serial.o
 .debug_macro   0x0000145d      0x166 src/ASF/common/services/serial/usart_serial.o
 .debug_macro   0x000015c3       0x76 src/ASF/common/services/serial/usart_serial.o
 .debug_macro   0x00001639       0x16 src/ASF/common/services/serial/usart_serial.o
 .debug_macro   0x0000164f      0x6e4 src/ASF/common/services/serial/usart_serial.o
 .debug_macro   0x00001d33       0x22 src/ASF/common/services/serial/usart_serial.o
 .debug_macro   0x00001d55       0x44 src/ASF/common/services/serial/usart_serial.o
 .debug_macro   0x00001d99       0x58 src/ASF/common/services/serial/usart_serial.o
 .debug_macro   0x00001df1       0x22 src/ASF/common/services/serial/usart_serial.o
 .debug_macro   0x00001e13      0x1df src/ASF/common/services/serial/usart_serial.o
 .debug_macro   0x00001ff2       0x20 src/ASF/common/services/serial/usart_serial.o
 .debug_macro   0x00002012       0x3a src/ASF/common/services/serial/usart_serial.o
 .debug_macro   0x0000204c       0x2d src/ASF/common/services/serial/usart_serial.o
 .debug_macro   0x00002079      0xbb1 src/ASF/common/services/serial/usart_serial.o
 .debug_macro   0x00002c2a      0xab6 src/ASF/common/services/serial/usart_serial.o
 .debug_macro   0x000036e0      0x569 src/ASF/common/services/serial/usart_serial.o
 .debug_macro   0x00003c49      0x2b5 src/ASF/common/services/serial/usart_serial.o
 .debug_macro   0x00003efe      0x31a src/ASF/common/services/serial/usart_serial.o
 .debug_macro   0x00004218      0x74f src/ASF/common/services/serial/usart_serial.o
 .debug_macro   0x00004967       0x82 src/ASF/common/services/serial/usart_serial.o
 .debug_macro   0x000049e9      0x57b src/ASF/common/services/serial/usart_serial.o
 .debug_macro   0x00004f64       0x1c src/ASF/common/services/serial/usart_serial.o
 .debug_macro   0x00004f80      0x6b7 src/ASF/common/services/serial/usart_serial.o
 .debug_macro   0x00005637      0x52d src/ASF/common/services/serial/usart_serial.o
 .debug_macro   0x00005b64       0xbe src/ASF/common/services/serial/usart_serial.o
 .debug_macro   0x00005c22     0x2342 src/ASF/common/services/serial/usart_serial.o
 .debug_macro   0x00007f64      0x85d src/ASF/common/services/serial/usart_serial.o
 .debug_macro   0x000087c1      0xdc9 src/ASF/common/services/serial/usart_serial.o
 .debug_macro   0x0000958a       0x7c src/ASF/common/services/serial/usart_serial.o
 .debug_macro   0x00009606      0x263 src/ASF/common/services/serial/usart_serial.o
 .debug_macro   0x00009869       0x58 src/ASF/common/services/serial/usart_serial.o
 .debug_macro   0x000098c1      0x9a7 src/ASF/common/services/serial/usart_serial.o
 .debug_macro   0x0000a268      0x248 src/ASF/common/services/serial/usart_serial.o
 .debug_macro   0x0000a4b0      0x4df src/ASF/common/services/serial/usart_serial.o
 .debug_macro   0x0000a98f      0x6b3 src/ASF/common/services/serial/usart_serial.o
 .debug_macro   0x0000b042      0x59f src/ASF/common/services/serial/usart_serial.o
 .debug_macro   0x0000b5e1       0x46 src/ASF/common/services/serial/usart_serial.o
 .debug_macro   0x0000b627      0x34d src/ASF/common/services/serial/usart_serial.o
 .debug_macro   0x0000b974      0x28c src/ASF/common/services/serial/usart_serial.o
 .debug_macro   0x0000bc00     0x14d7 src/ASF/common/services/serial/usart_serial.o
 .debug_macro   0x0000d0d7      0x7ba src/ASF/common/services/serial/usart_serial.o
 .debug_macro   0x0000d891       0x76 src/ASF/common/services/serial/usart_serial.o
 .debug_macro   0x0000d907       0x82 src/ASF/common/services/serial/usart_serial.o
 .debug_macro   0x0000d989       0x76 src/ASF/common/services/serial/usart_serial.o
 .debug_macro   0x0000d9ff       0x4c src/ASF/common/services/serial/usart_serial.o
 .debug_macro   0x0000da4b      0x105 src/ASF/common/services/serial/usart_serial.o
 .debug_macro   0x0000db50      0x105 src/ASF/common/services/serial/usart_serial.o
 .debug_macro   0x0000dc55      0x105 src/ASF/common/services/serial/usart_serial.o
 .debug_macro   0x0000dd5a       0x88 src/ASF/common/services/serial/usart_serial.o
 .debug_macro   0x0000dde2       0x88 src/ASF/common/services/serial/usart_serial.o
 .debug_macro   0x0000de6a      0x3b4 src/ASF/common/services/serial/usart_serial.o
 .debug_macro   0x0000e21e       0xb8 src/ASF/common/services/serial/usart_serial.o
 .debug_macro   0x0000e2d6       0xb8 src/ASF/common/services/serial/usart_serial.o
 .debug_macro   0x0000e38e       0xb8 src/ASF/common/services/serial/usart_serial.o
 .debug_macro   0x0000e446       0xb8 src/ASF/common/services/serial/usart_serial.o
 .debug_macro   0x0000e4fe      0x2b8 src/ASF/common/services/serial/usart_serial.o
 .debug_macro   0x0000e7b6      0x125 src/ASF/common/services/serial/usart_serial.o
 .debug_macro   0x0000e8db      0x225 src/ASF/common/services/serial/usart_serial.o
 .debug_macro   0x0000eb00      0x225 src/ASF/common/services/serial/usart_serial.o
 .debug_macro   0x0000ed25       0x2e src/ASF/common/services/serial/usart_serial.o
 .debug_macro   0x0000ed53       0xac src/ASF/common/services/serial/usart_serial.o
 .debug_macro   0x0000edff      0x14d src/ASF/common/services/serial/usart_serial.o
 .debug_macro   0x0000ef4c       0x7c src/ASF/common/services/serial/usart_serial.o
 .debug_macro   0x0000efc8      0x205 src/ASF/common/services/serial/usart_serial.o
 .debug_macro   0x0000f1cd       0x64 src/ASF/common/services/serial/usart_serial.o
 .debug_macro   0x0000f231       0xa6 src/ASF/common/services/serial/usart_serial.o
 .debug_macro   0x0000f2d7       0x7c src/ASF/common/services/serial/usart_serial.o
 .debug_macro   0x0000f353       0x16 src/ASF/common/services/serial/usart_serial.o
 .debug_macro   0x0000f369       0x22 src/ASF/common/services/serial/usart_serial.o
 .debug_macro   0x0000f38b       0x22 src/ASF/common/services/serial/usart_serial.o
 .debug_macro   0x0000f3ad      0x115 src/ASF/common/services/serial/usart_serial.o
 .debug_macro   0x0000f4c2      0x115 src/ASF/common/services/serial/usart_serial.o
 .debug_macro   0x0000f5d7      0x115 src/ASF/common/services/serial/usart_serial.o
 .debug_macro   0x0000f6ec      0x115 src/ASF/common/services/serial/usart_serial.o
 .debug_macro   0x0000f801       0x1c src/ASF/common/services/serial/usart_serial.o
 .debug_macro   0x0000f81d       0x2e src/ASF/common/services/serial/usart_serial.o
 .debug_macro   0x0000f84b       0x22 src/ASF/common/services/serial/usart_serial.o
 .debug_macro   0x0000f86d       0x1c src/ASF/common/services/serial/usart_serial.o
 .debug_macro   0x0000f889       0x58 src/ASF/common/services/serial/usart_serial.o
 .debug_macro   0x0000f8e1       0x10 src/ASF/common/services/serial/usart_serial.o
 .debug_macro   0x0000f8f1      0x273 src/ASF/common/services/serial/usart_serial.o
 .debug_macro   0x0000fb64      0xd43 src/ASF/common/services/serial/usart_serial.o
 .debug_macro   0x000108a7      0x131 src/ASF/common/services/serial/usart_serial.o
 .debug_macro   0x000109d8       0x58 src/ASF/common/services/serial/usart_serial.o
 .debug_macro   0x00010a30       0x35 src/ASF/common/services/serial/usart_serial.o
 .debug_macro   0x00010a65       0x9c src/ASF/common/services/serial/usart_serial.o
 .debug_macro   0x00010b01       0x16 src/ASF/common/services/serial/usart_serial.o
 .debug_macro   0x00010b17       0x35 src/ASF/common/services/serial/usart_serial.o
 .debug_macro   0x00010b4c      0x29d src/ASF/common/services/serial/usart_serial.o
 .debug_macro   0x00010de9       0x10 src/ASF/common/services/serial/usart_serial.o
 .debug_macro   0x00010df9       0x52 src/ASF/common/services/serial/usart_serial.o
 .debug_macro   0x00010e4b       0x16 src/ASF/common/services/serial/usart_serial.o
 .debug_macro   0x00010e61       0x43 src/ASF/common/services/serial/usart_serial.o
 .debug_macro   0x00010ea4      0x180 src/ASF/common/services/serial/usart_serial.o
 .debug_macro   0x00011024       0x10 src/ASF/common/services/serial/usart_serial.o
 .debug_macro   0x00011034       0x22 src/ASF/common/services/serial/usart_serial.o
 .debug_macro   0x00011056       0xbe src/ASF/common/services/serial/usart_serial.o
 .debug_macro   0x00011114       0x16 src/ASF/common/services/serial/usart_serial.o
 .debug_macro   0x0001112a      0x197 src/ASF/common/services/serial/usart_serial.o
 .debug_macro   0x000112c1       0x22 src/ASF/common/services/serial/usart_serial.o
 .debug_macro   0x000112e3       0x16 src/ASF/common/services/serial/usart_serial.o
 .debug_macro   0x000112f9       0x16 src/ASF/common/services/serial/usart_serial.o
 .debug_macro   0x0001130f       0x29 src/ASF/common/services/serial/usart_serial.o
 .debug_macro   0x00011338       0x75 src/ASF/common/services/serial/usart_serial.o
 .debug_macro   0x000113ad       0x45 src/ASF/common/services/serial/usart_serial.o
 .debug_macro   0x000113f2      0x3ca src/ASF/common/services/serial/usart_serial.o
 .debug_macro   0x000117bc       0x34 src/ASF/common/services/serial/usart_serial.o
 .debug_macro   0x000117f0      0x2aa src/ASF/common/services/serial/usart_serial.o
 .debug_macro   0x00011a9a      0x790 src/ASF/common/services/serial/usart_serial.o
 .debug_macro   0x0001222a       0x5e src/ASF/common/services/serial/usart_serial.o
 .debug_macro   0x00012288       0x64 src/ASF/common/services/serial/usart_serial.o
 .debug_macro   0x000122ec       0x5f src/ASF/common/services/serial/usart_serial.o
 .debug_macro   0x0001234b       0x90 src/ASF/common/services/serial/usart_serial.o
 .debug_macro   0x000123db       0x1c src/ASF/common/services/serial/usart_serial.o
 .debug_macro   0x000123f7       0x2e src/ASF/common/services/serial/usart_serial.o
 .debug_macro   0x00012425       0x1c src/ASF/common/services/serial/usart_serial.o
 .debug_macro   0x00012441      0x4d4 src/ASF/common/utils/stdio/read.o
 .debug_macro   0x00012915      0x4d4 src/ASF/common/utils/stdio/write.o
 .debug_macro   0x00012de9      0x4e3 src/ASF/sam/drivers/uart/uart.o
 .debug_macro   0x000132cc       0x16 src/ASF/sam/drivers/uart/uart.o
 .debug_macro   0x000132e2      0x51f src/ASF/sam/drivers/usart/usart.o
 .debug_macro   0x00013801       0x28 src/ASF/sam/drivers/usart/usart.o
 .debug_macro   0x00013829      0x61a src/ASF/thirdparty/wireless/addons/sio2host/uart/sio2host.o
 .debug_macro   0x00013e43       0x28 src/ASF/thirdparty/wireless/addons/sio2host/uart/sio2host.o
 .debug_macro   0x00013e6b       0x23 src/ASF/thirdparty/wireless/addons/sio2host/uart/sio2host.o
 .debug_macro   0x00013e8e       0x94 src/ASF/thirdparty/wireless/addons/sio2host/uart/sio2host.o
 .debug_macro   0x00013f22       0x40 src/ASF/thirdparty/wireless/addons/sio2host/uart/sio2host.o
 .debug_macro   0x00013f62       0x70 src/ASF/thirdparty/wireless/addons/sio2host/uart/sio2host.o
 .debug_macro   0x00013fd2       0x34 src/ASF/thirdparty/wireless/addons/sio2host/uart/sio2host.o
 .debug_macro   0x00014006       0x40 src/ASF/thirdparty/wireless/addons/sio2host/uart/sio2host.o
 .debug_macro   0x00014046      0x605 src/com_driver/com_driver.o
 .debug_macro   0x0001464b      0x4e3 src/ASF/common/services/delay/sam/cycle_counter.o
 .debug_macro   0x00014b2e       0x22 src/ASF/common/services/delay/sam/cycle_counter.o
 .debug_macro   0x00014b50      0x619 src/lcd_driver/lcd_driver.o
 .debug_macro   0x00015169       0x2e src/lcd_driver/lcd_driver.o
 .debug_macro   0x00015197       0xb8 src/lcd_driver/lcd_driver.o
 .debug_macro   0x0001524f      0x554 src/ASF/common/services/clock/sam3x/sysclk.o
 .debug_macro   0x000157a3      0x2a4 src/ASF/common/services/clock/sam3x/sysclk.o
 .debug_macro   0x00015a47      0x4de src/ASF/common/utils/interrupt/interrupt_sam_nvic.o
 .debug_macro   0x00015f25       0x3f src/ASF/common/utils/interrupt/interrupt_sam_nvic.o
 .debug_macro   0x00015f64      0x593 src/ASF/sam/boards/arduino_due_x/init.o
 .debug_macro   0x000164f7       0x16 src/ASF/sam/boards/arduino_due_x/init.o
 .debug_macro   0x0001650d       0x6a src/ASF/sam/boards/arduino_due_x/init.o
 .debug_macro   0x00016577      0x4ef src/ASF/sam/drivers/pio/pio.o
 .debug_macro   0x00016a66       0x8e src/ASF/sam/drivers/pio/pio.o
 .debug_macro   0x00016af4      0x4f3 src/ASF/sam/drivers/pio/pio_handler.o
 .debug_macro   0x00016fe7      0x4e9 src/ASF/sam/drivers/pmc/pmc.o
 .debug_macro   0x000174d0       0x58 src/ASF/sam/drivers/pmc/pmc.o
 .debug_macro   0x00017528      0x4e8 src/ASF/sam/utils/cmsis/sam3x/source/templates/exceptions.o
 .debug_macro   0x00017a10      0x4f6 src/ASF/sam/utils/cmsis/sam3x/source/templates/gcc/startup_sam3x.o
 .debug_macro   0x00017f06      0x4f6 src/ASF/sam/utils/cmsis/sam3x/source/templates/system_sam3x.o
 .debug_macro   0x000183fc       0x26 src/ASF/sam/utils/cmsis/sam3x/source/templates/system_sam3x.o
 .debug_macro   0x00018422      0x169 src/ASF/sam/utils/syscalls/gcc/syscalls.o
 .debug_macro   0x0001858b       0x4a src/ASF/sam/utils/syscalls/gcc/syscalls.o
 .debug_macro   0x000185d5       0x97 src/ASF/sam/utils/syscalls/gcc/syscalls.o
 .debug_macro   0x0001866c       0xef src/ASF/sam/utils/syscalls/gcc/syscalls.o
 .debug_macro   0x0001875b       0x52 src/ASF/sam/utils/syscalls/gcc/syscalls.o
 .debug_macro   0x000187ad       0x16 src/ASF/sam/utils/syscalls/gcc/syscalls.o
 .debug_macro   0x000187c3       0x10 src/ASF/sam/utils/syscalls/gcc/syscalls.o
 .debug_macro   0x000187d3       0x10 src/ASF/sam/utils/syscalls/gcc/syscalls.o
 .debug_macro   0x000187e3       0x10 src/ASF/sam/utils/syscalls/gcc/syscalls.o
 .debug_macro   0x000187f3       0x35 src/ASF/sam/utils/syscalls/gcc/syscalls.o
 .debug_macro   0x00018828      0x122 src/ASF/sam/utils/syscalls/gcc/syscalls.o
 .debug_macro   0x0001894a      0x624 src/main.o

.debug_line     0x00000000     0xfb07
 .debug_line    0x00000000      0xd03 src/ASF/common/services/serial/usart_serial.o
 .debug_line    0x00000d03      0xaca src/ASF/common/utils/stdio/read.o
 .debug_line    0x000017cd      0xac0 src/ASF/common/utils/stdio/write.o
 .debug_line    0x0000228d      0xc78 src/ASF/sam/drivers/uart/uart.o
 .debug_line    0x00002f05     0x1193 src/ASF/sam/drivers/usart/usart.o
 .debug_line    0x00004098     0x1025 src/ASF/thirdparty/wireless/addons/sio2host/uart/sio2host.o
 .debug_line    0x000050bd      0xf02 src/com_driver/com_driver.o
 .debug_line    0x00005fbf      0xac9 src/ASF/common/services/delay/sam/cycle_counter.o
 .debug_line    0x00006a88      0xfb7 src/lcd_driver/lcd_driver.o
 .debug_line    0x00007a3f      0xc31 src/ASF/common/services/clock/sam3x/sysclk.o
 .debug_line    0x00008670      0xadd src/ASF/common/utils/interrupt/interrupt_sam_nvic.o
 .debug_line    0x0000914d      0xcc8 src/ASF/sam/boards/arduino_due_x/init.o
 .debug_line    0x00009e15      0xe2b src/ASF/sam/drivers/pio/pio.o
 .debug_line    0x0000ac40      0xb71 src/ASF/sam/drivers/pio/pio_handler.o
 .debug_line    0x0000b7b1     0x105e src/ASF/sam/drivers/pmc/pmc.o
 .debug_line    0x0000c80f      0xaa3 src/ASF/sam/utils/cmsis/sam3x/source/templates/exceptions.o
 .debug_line    0x0000d2b2      0xaed src/ASF/sam/utils/cmsis/sam3x/source/templates/gcc/startup_sam3x.o
 .debug_line    0x0000dd9f      0xb08 src/ASF/sam/utils/cmsis/sam3x/source/templates/system_sam3x.o
 .debug_line    0x0000e8a7      0x399 src/ASF/sam/utils/syscalls/gcc/syscalls.o
 .debug_line    0x0000ec40      0xec7 src/main.o

.debug_str      0x00000000    0x63980
 .debug_str     0x00000000    0x5f46c src/ASF/common/services/serial/usart_serial.o
                              0x5f7bd (size before relaxing)
 .debug_str     0x0005f46c       0x3f src/ASF/common/utils/stdio/read.o
                              0x5b689 (size before relaxing)
 .debug_str     0x0005f4ab       0x2e src/ASF/common/utils/stdio/write.o
                              0x5b68b (size before relaxing)
 .debug_str     0x0005f4d9      0x2c4 src/ASF/sam/drivers/uart/uart.o
                              0x5ba4f (size before relaxing)
 .debug_str     0x0005f79d      0xa2f src/ASF/sam/drivers/usart/usart.o
                              0x5c300 (size before relaxing)
 .debug_str     0x000601cc     0x1535 src/ASF/thirdparty/wireless/addons/sio2host/uart/sio2host.o
                              0x60dc5 (size before relaxing)
 .debug_str     0x00061701       0x45 src/com_driver/com_driver.o
                              0x6073c (size before relaxing)
 .debug_str     0x00061746       0x35 src/ASF/common/services/delay/sam/cycle_counter.o
                              0x5b7fe (size before relaxing)
 .debug_str     0x0006177b      0x707 src/lcd_driver/lcd_driver.o
                              0x60b1b (size before relaxing)
 .debug_str     0x00061e82      0x23a src/ASF/common/services/clock/sam3x/sysclk.o
                              0x5f5b8 (size before relaxing)
 .debug_str     0x000620bc       0x73 src/ASF/common/utils/interrupt/interrupt_sam_nvic.o
                              0x5b6da (size before relaxing)
 .debug_str     0x0006212f       0xb0 src/ASF/sam/boards/arduino_due_x/init.o
                              0x5fd72 (size before relaxing)
 .debug_str     0x000621df      0x432 src/ASF/sam/drivers/pio/pio.o
                              0x5c02e (size before relaxing)
 .debug_str     0x00062611      0x1bf src/ASF/sam/drivers/pio/pio_handler.o
                              0x5c076 (size before relaxing)
 .debug_str     0x000627d0      0x67e src/ASF/sam/drivers/pmc/pmc.o
                              0x5c0a4 (size before relaxing)
 .debug_str     0x00062e4e       0x4d src/ASF/sam/utils/cmsis/sam3x/source/templates/exceptions.o
                              0x5b6a3 (size before relaxing)
 .debug_str     0x00062e9b       0xb2 src/ASF/sam/utils/cmsis/sam3x/source/templates/gcc/startup_sam3x.o
                              0x5b778 (size before relaxing)
 .debug_str     0x00062f4d      0x1cd src/ASF/sam/utils/cmsis/sam3x/source/templates/system_sam3x.o
                              0x5b98b (size before relaxing)
 .debug_str     0x0006311a      0x844 src/ASF/sam/utils/syscalls/gcc/syscalls.o
                               0x60ec (size before relaxing)
 .debug_str     0x0006395e       0x22 src/main.o
                              0x6063b (size before relaxing)

.debug_frame    0x00000000     0x23b4
 .debug_frame   0x00000000       0x80 src/ASF/common/services/serial/usart_serial.o
 .debug_frame   0x00000080       0x38 src/ASF/common/utils/stdio/read.o
 .debug_frame   0x000000b8       0x48 src/ASF/common/utils/stdio/write.o
 .debug_frame   0x00000100      0x1bc src/ASF/sam/drivers/uart/uart.o
 .debug_frame   0x000002bc      0x5cc src/ASF/sam/drivers/usart/usart.o
 .debug_frame   0x00000888      0x128 src/ASF/thirdparty/wireless/addons/sio2host/uart/sio2host.o
 .debug_frame   0x000009b0       0x70 src/com_driver/com_driver.o
 .debug_frame   0x00000a20       0x20 src/ASF/common/services/delay/sam/cycle_counter.o
 .debug_frame   0x00000a40      0x10c src/lcd_driver/lcd_driver.o
 .debug_frame   0x00000b4c       0x88 src/ASF/common/services/clock/sam3x/sysclk.o
 .debug_frame   0x00000bd4       0x30 src/ASF/common/utils/interrupt/interrupt_sam_nvic.o
 .debug_frame   0x00000c04       0x28 src/ASF/sam/boards/arduino_due_x/init.o
 .debug_frame   0x00000c2c      0x2b8 src/ASF/sam/drivers/pio/pio.o
 .debug_frame   0x00000ee4       0xf8 src/ASF/sam/drivers/pio/pio_handler.o
 .debug_frame   0x00000fdc      0x450 src/ASF/sam/drivers/pmc/pmc.o
 .debug_frame   0x0000142c       0x20 src/ASF/sam/utils/cmsis/sam3x/source/templates/exceptions.o
 .debug_frame   0x0000144c       0x28 src/ASF/sam/utils/cmsis/sam3x/source/templates/gcc/startup_sam3x.o
 .debug_frame   0x00001474       0x40 src/ASF/sam/utils/cmsis/sam3x/source/templates/system_sam3x.o
 .debug_frame   0x000014b4       0xa8 src/ASF/sam/utils/syscalls/gcc/syscalls.o
 .debug_frame   0x0000155c       0x30 src/main.o
 .debug_frame   0x0000158c       0x40 d:/program files (x86)/atmel studio/7.0/toolchain/arm/arm-gnu-toolchain/bin/../lib/gcc/arm-none-eabi/4.9.3/../../../../arm-none-eabi/lib/armv7-m\libc.a(lib_a-gets.o)
 .debug_frame   0x000015cc       0x2c d:/program files (x86)/atmel studio/7.0/toolchain/arm/arm-gnu-toolchain/bin/../lib/gcc/arm-none-eabi/4.9.3/../../../../arm-none-eabi/lib/armv7-m\libc.a(lib_a-init.o)
 .debug_frame   0x000015f8       0x78 d:/program files (x86)/atmel studio/7.0/toolchain/arm/arm-gnu-toolchain/bin/../lib/gcc/arm-none-eabi/4.9.3/../../../../arm-none-eabi/lib/armv7-m\libc.a(lib_a-iprintf.o)
 .debug_frame   0x00001670       0x3c d:/program files (x86)/atmel studio/7.0/toolchain/arm/arm-gnu-toolchain/bin/../lib/gcc/arm-none-eabi/4.9.3/../../../../arm-none-eabi/lib/armv7-m\libc.a(lib_a-itoa.o)
 .debug_frame   0x000016ac       0x34 d:/program files (x86)/atmel studio/7.0/toolchain/arm/arm-gnu-toolchain/bin/../lib/gcc/arm-none-eabi/4.9.3/../../../../arm-none-eabi/lib/armv7-m\libc.a(lib_a-memset.o)
 .debug_frame   0x000016e0       0x3c d:/program files (x86)/atmel studio/7.0/toolchain/arm/arm-gnu-toolchain/bin/../lib/gcc/arm-none-eabi/4.9.3/../../../../arm-none-eabi/lib/armv7-m\libc.a(lib_a-rget.o)
 .debug_frame   0x0000171c       0x20 d:/program files (x86)/atmel studio/7.0/toolchain/arm/arm-gnu-toolchain/bin/../lib/gcc/arm-none-eabi/4.9.3/../../../../arm-none-eabi/lib/armv7-m\libc.a(lib_a-setbuf.o)
 .debug_frame   0x0000173c       0x30 d:/program files (x86)/atmel studio/7.0/toolchain/arm/arm-gnu-toolchain/bin/../lib/gcc/arm-none-eabi/4.9.3/../../../../arm-none-eabi/lib/armv7-m\libc.a(lib_a-setvbuf.o)
 .debug_frame   0x0000176c       0x4c d:/program files (x86)/atmel studio/7.0/toolchain/arm/arm-gnu-toolchain/bin/../lib/gcc/arm-none-eabi/4.9.3/../../../../arm-none-eabi/lib/armv7-m\libc.a(lib_a-utoa.o)
 .debug_frame   0x000017b8       0xd8 d:/program files (x86)/atmel studio/7.0/toolchain/arm/arm-gnu-toolchain/bin/../lib/gcc/arm-none-eabi/4.9.3/../../../../arm-none-eabi/lib/armv7-m\libc.a(lib_a-vfiprintf.o)
 .debug_frame   0x00001890       0x2c d:/program files (x86)/atmel studio/7.0/toolchain/arm/arm-gnu-toolchain/bin/../lib/gcc/arm-none-eabi/4.9.3/../../../../arm-none-eabi/lib/armv7-m\libc.a(lib_a-wsetup.o)
 .debug_frame   0x000018bc       0x50 d:/program files (x86)/atmel studio/7.0/toolchain/arm/arm-gnu-toolchain/bin/../lib/gcc/arm-none-eabi/4.9.3/../../../../arm-none-eabi/lib/armv7-m\libc.a(lib_a-__call_atexit.o)
 .debug_frame   0x0000190c       0x20 d:/program files (x86)/atmel studio/7.0/toolchain/arm/arm-gnu-toolchain/bin/../lib/gcc/arm-none-eabi/4.9.3/../../../../arm-none-eabi/lib/armv7-m\libc.a(lib_a-atexit.o)
 .debug_frame   0x0000192c       0x6c d:/program files (x86)/atmel studio/7.0/toolchain/arm/arm-gnu-toolchain/bin/../lib/gcc/arm-none-eabi/4.9.3/../../../../arm-none-eabi/lib/armv7-m\libc.a(lib_a-fflush.o)
 .debug_frame   0x00001998      0x124 d:/program files (x86)/atmel studio/7.0/toolchain/arm/arm-gnu-toolchain/bin/../lib/gcc/arm-none-eabi/4.9.3/../../../../arm-none-eabi/lib/armv7-m\libc.a(lib_a-findfp.o)
 .debug_frame   0x00001abc       0x34 d:/program files (x86)/atmel studio/7.0/toolchain/arm/arm-gnu-toolchain/bin/../lib/gcc/arm-none-eabi/4.9.3/../../../../arm-none-eabi/lib/armv7-m\libc.a(lib_a-fini.o)
 .debug_frame   0x00001af0       0x84 d:/program files (x86)/atmel studio/7.0/toolchain/arm/arm-gnu-toolchain/bin/../lib/gcc/arm-none-eabi/4.9.3/../../../../arm-none-eabi/lib/armv7-m\libc.a(lib_a-fputwc.o)
 .debug_frame   0x00001b74       0x74 d:/program files (x86)/atmel studio/7.0/toolchain/arm/arm-gnu-toolchain/bin/../lib/gcc/arm-none-eabi/4.9.3/../../../../arm-none-eabi/lib/armv7-m\libc.a(lib_a-freer.o)
 .debug_frame   0x00001be8       0x68 d:/program files (x86)/atmel studio/7.0/toolchain/arm/arm-gnu-toolchain/bin/../lib/gcc/arm-none-eabi/4.9.3/../../../../arm-none-eabi/lib/armv7-m\libc.a(lib_a-fvwrite.o)
 .debug_frame   0x00001c50       0x54 d:/program files (x86)/atmel studio/7.0/toolchain/arm/arm-gnu-toolchain/bin/../lib/gcc/arm-none-eabi/4.9.3/../../../../arm-none-eabi/lib/armv7-m\libc.a(lib_a-fwalk.o)
 .debug_frame   0x00001ca4       0x9c d:/program files (x86)/atmel studio/7.0/toolchain/arm/arm-gnu-toolchain/bin/../lib/gcc/arm-none-eabi/4.9.3/../../../../arm-none-eabi/lib/armv7-m\libc.a(lib_a-locale.o)
 .debug_frame   0x00001d40       0x48 d:/program files (x86)/atmel studio/7.0/toolchain/arm/arm-gnu-toolchain/bin/../lib/gcc/arm-none-eabi/4.9.3/../../../../arm-none-eabi/lib/armv7-m\libc.a(lib_a-makebuf.o)
 .debug_frame   0x00001d88       0x30 d:/program files (x86)/atmel studio/7.0/toolchain/arm/arm-gnu-toolchain/bin/../lib/gcc/arm-none-eabi/4.9.3/../../../../arm-none-eabi/lib/armv7-m\libc.a(lib_a-malloc.o)
 .debug_frame   0x00001db8       0x54 d:/program files (x86)/atmel studio/7.0/toolchain/arm/arm-gnu-toolchain/bin/../lib/gcc/arm-none-eabi/4.9.3/../../../../arm-none-eabi/lib/armv7-m\libc.a(lib_a-mallocr.o)
 .debug_frame   0x00001e0c       0x3c d:/program files (x86)/atmel studio/7.0/toolchain/arm/arm-gnu-toolchain/bin/../lib/gcc/arm-none-eabi/4.9.3/../../../../arm-none-eabi/lib/armv7-m\libc.a(lib_a-memchr.o)
 .debug_frame   0x00001e48       0x30 d:/program files (x86)/atmel studio/7.0/toolchain/arm/arm-gnu-toolchain/bin/../lib/gcc/arm-none-eabi/4.9.3/../../../../arm-none-eabi/lib/armv7-m\libc.a(lib_a-memmove.o)
 .debug_frame   0x00001e78       0x30 d:/program files (x86)/atmel studio/7.0/toolchain/arm/arm-gnu-toolchain/bin/../lib/gcc/arm-none-eabi/4.9.3/../../../../arm-none-eabi/lib/armv7-m\libc.a(lib_a-mlock.o)
 .debug_frame   0x00001ea8       0x58 d:/program files (x86)/atmel studio/7.0/toolchain/arm/arm-gnu-toolchain/bin/../lib/gcc/arm-none-eabi/4.9.3/../../../../arm-none-eabi/lib/armv7-m\libc.a(lib_a-reallocr.o)
 .debug_frame   0x00001f00       0x40 d:/program files (x86)/atmel studio/7.0/toolchain/arm/arm-gnu-toolchain/bin/../lib/gcc/arm-none-eabi/4.9.3/../../../../arm-none-eabi/lib/armv7-m\libc.a(lib_a-refill.o)
 .debug_frame   0x00001f40       0x2c d:/program files (x86)/atmel studio/7.0/toolchain/arm/arm-gnu-toolchain/bin/../lib/gcc/arm-none-eabi/4.9.3/../../../../arm-none-eabi/lib/armv7-m\libc.a(lib_a-sbrkr.o)
 .debug_frame   0x00001f6c       0x88 d:/program files (x86)/atmel studio/7.0/toolchain/arm/arm-gnu-toolchain/bin/../lib/gcc/arm-none-eabi/4.9.3/../../../../arm-none-eabi/lib/armv7-m\libc.a(lib_a-stdio.o)
 .debug_frame   0x00001ff4       0x20 d:/program files (x86)/atmel studio/7.0/toolchain/arm/arm-gnu-toolchain/bin/../lib/gcc/arm-none-eabi/4.9.3/../../../../arm-none-eabi/lib/armv7-m\libc.a(lib_a-strlen.o)
 .debug_frame   0x00002014       0x3c d:/program files (x86)/atmel studio/7.0/toolchain/arm/arm-gnu-toolchain/bin/../lib/gcc/arm-none-eabi/4.9.3/../../../../arm-none-eabi/lib/armv7-m\libc.a(lib_a-wbuf.o)
 .debug_frame   0x00002050       0x60 d:/program files (x86)/atmel studio/7.0/toolchain/arm/arm-gnu-toolchain/bin/../lib/gcc/arm-none-eabi/4.9.3/../../../../arm-none-eabi/lib/armv7-m\libc.a(lib_a-wcrtomb.o)
 .debug_frame   0x000020b0       0x48 d:/program files (x86)/atmel studio/7.0/toolchain/arm/arm-gnu-toolchain/bin/../lib/gcc/arm-none-eabi/4.9.3/../../../../arm-none-eabi/lib/armv7-m\libc.a(lib_a-wctomb_r.o)
 .debug_frame   0x000020f8       0x2c d:/program files (x86)/atmel studio/7.0/toolchain/arm/arm-gnu-toolchain/bin/../lib/gcc/arm-none-eabi/4.9.3/../../../../arm-none-eabi/lib/armv7-m\libc.a(lib_a-writer.o)